Archive member included to satisfy reference by file (symbol)

d:/nxp/s32ds_arm_v2.2/s32ds/build_tools/gcc_v6.3/gcc-6.3-arm32-eabi/bin/../lib/gcc/arm-none-eabi/6.3.1/thumb/v7e-m/fpv4-sp/hard\libgcc.a(_aeabi_uldivmod.o)
                              ./SDK/platform/drivers/src/lpit/lpit_driver.o (__aeabi_uldivmod)
d:/nxp/s32ds_arm_v2.2/s32ds/build_tools/gcc_v6.3/gcc-6.3-arm32-eabi/bin/../lib/gcc/arm-none-eabi/6.3.1/thumb/v7e-m/fpv4-sp/hard\libgcc.a(_udivmoddi4.o)
                              d:/nxp/s32ds_arm_v2.2/s32ds/build_tools/gcc_v6.3/gcc-6.3-arm32-eabi/bin/../lib/gcc/arm-none-eabi/6.3.1/thumb/v7e-m/fpv4-sp/hard\libgcc.a(_aeabi_uldivmod.o) (__udivmoddi4)
d:/nxp/s32ds_arm_v2.2/s32ds/build_tools/gcc_v6.3/gcc-6.3-arm32-eabi/bin/../lib/gcc/arm-none-eabi/6.3.1/thumb/v7e-m/fpv4-sp/hard\libgcc.a(_dvmd_tls.o)
                              d:/nxp/s32ds_arm_v2.2/s32ds/build_tools/gcc_v6.3/gcc-6.3-arm32-eabi/bin/../lib/gcc/arm-none-eabi/6.3.1/thumb/v7e-m/fpv4-sp/hard\libgcc.a(_aeabi_uldivmod.o) (__aeabi_ldiv0)
D:/NXP/S32DS_ARM_v2.2/S32DS/build_tools/gcc_v6.3/gcc-6.3-arm32-eabi/arm-none-eabi/newlib/lib/thumb/v7e-m/fpv4-sp/hard\libc_nano.a(lib_a-exit.o)
                              D:/NXP/S32DS_ARM_v2.2/S32DS/build_tools/gcc_v6.3/gcc-6.3-arm32-eabi/arm-none-eabi/newlib/lib/thumb/v7e-m/fpv4-sp/hard/crt0.o (exit)
D:/NXP/S32DS_ARM_v2.2/S32DS/build_tools/gcc_v6.3/gcc-6.3-arm32-eabi/arm-none-eabi/newlib/lib/thumb/v7e-m/fpv4-sp/hard\libc_nano.a(lib_a-impure.o)
                              D:/NXP/S32DS_ARM_v2.2/S32DS/build_tools/gcc_v6.3/gcc-6.3-arm32-eabi/arm-none-eabi/newlib/lib/thumb/v7e-m/fpv4-sp/hard\libc_nano.a(lib_a-exit.o) (_global_impure_ptr)
D:/NXP/S32DS_ARM_v2.2/S32DS/build_tools/gcc_v6.3/gcc-6.3-arm32-eabi/arm-none-eabi/newlib/lib/thumb/v7e-m/fpv4-sp/hard\libc_nano.a(lib_a-init.o)
                              D:/NXP/S32DS_ARM_v2.2/S32DS/build_tools/gcc_v6.3/gcc-6.3-arm32-eabi/arm-none-eabi/newlib/lib/thumb/v7e-m/fpv4-sp/hard/crt0.o (__libc_init_array)
D:/NXP/S32DS_ARM_v2.2/S32DS/build_tools/gcc_v6.3/gcc-6.3-arm32-eabi/arm-none-eabi/newlib/lib/thumb/v7e-m/fpv4-sp/hard\libc_nano.a(lib_a-memcpy-stub.o)
                              ./Sources/can_fd_wrapper.o (memcpy)
D:/NXP/S32DS_ARM_v2.2/S32DS/build_tools/gcc_v6.3/gcc-6.3-arm32-eabi/arm-none-eabi/newlib/lib/thumb/v7e-m/fpv4-sp/hard\libc_nano.a(lib_a-memset.o)
                              D:/NXP/S32DS_ARM_v2.2/S32DS/build_tools/gcc_v6.3/gcc-6.3-arm32-eabi/arm-none-eabi/newlib/lib/thumb/v7e-m/fpv4-sp/hard/crt0.o (memset)
D:/NXP/S32DS_ARM_v2.2/S32DS/build_tools/gcc_v6.3/gcc-6.3-arm32-eabi/arm-none-eabi/newlib/lib/thumb/v7e-m/fpv4-sp/hard\libc_nano.a(lib_a-strlen.o)
                              ./Sources/uart.o (strlen)
D:/NXP/S32DS_ARM_v2.2/S32DS/build_tools/gcc_v6.3/gcc-6.3-arm32-eabi/arm-none-eabi/newlib/lib/thumb/v7e-m/fpv4-sp/hard\libc_nano.a(lib_a-vsprintf.o)
                              ./Sources/uart.o (vsprintf)
D:/NXP/S32DS_ARM_v2.2/S32DS/build_tools/gcc_v6.3/gcc-6.3-arm32-eabi/arm-none-eabi/newlib/lib/thumb/v7e-m/fpv4-sp/hard\libc_nano.a(lib_a-nano-svfprintf.o)
                              D:/NXP/S32DS_ARM_v2.2/S32DS/build_tools/gcc_v6.3/gcc-6.3-arm32-eabi/arm-none-eabi/newlib/lib/thumb/v7e-m/fpv4-sp/hard\libc_nano.a(lib_a-vsprintf.o) (_svfprintf_r)
D:/NXP/S32DS_ARM_v2.2/S32DS/build_tools/gcc_v6.3/gcc-6.3-arm32-eabi/arm-none-eabi/newlib/lib/thumb/v7e-m/fpv4-sp/hard\libc_nano.a(lib_a-nano-vfprintf_i.o)
                              D:/NXP/S32DS_ARM_v2.2/S32DS/build_tools/gcc_v6.3/gcc-6.3-arm32-eabi/arm-none-eabi/newlib/lib/thumb/v7e-m/fpv4-sp/hard\libc_nano.a(lib_a-nano-svfprintf.o) (_printf_i)
D:/NXP/S32DS_ARM_v2.2/S32DS/build_tools/gcc_v6.3/gcc-6.3-arm32-eabi/arm-none-eabi/newlib/lib/thumb/v7e-m/fpv4-sp/hard\libc_nano.a(lib_a-memchr.o)
                              D:/NXP/S32DS_ARM_v2.2/S32DS/build_tools/gcc_v6.3/gcc-6.3-arm32-eabi/arm-none-eabi/newlib/lib/thumb/v7e-m/fpv4-sp/hard\libc_nano.a(lib_a-nano-svfprintf.o) (memchr)
D:/NXP/S32DS_ARM_v2.2/S32DS/build_tools/gcc_v6.3/gcc-6.3-arm32-eabi/arm-none-eabi/newlib/lib/thumb/v7e-m/fpv4-sp/hard\libc_nano.a(lib_a-memmove.o)
                              D:/NXP/S32DS_ARM_v2.2/S32DS/build_tools/gcc_v6.3/gcc-6.3-arm32-eabi/arm-none-eabi/newlib/lib/thumb/v7e-m/fpv4-sp/hard\libc_nano.a(lib_a-nano-svfprintf.o) (memmove)
D:/NXP/S32DS_ARM_v2.2/S32DS/build_tools/gcc_v6.3/gcc-6.3-arm32-eabi/arm-none-eabi/newlib/lib/thumb/v7e-m/fpv4-sp/hard\libc_nano.a(lib_a-nano-freer.o)
                              D:/NXP/S32DS_ARM_v2.2/S32DS/build_tools/gcc_v6.3/gcc-6.3-arm32-eabi/arm-none-eabi/newlib/lib/thumb/v7e-m/fpv4-sp/hard\libc_nano.a(lib_a-nano-svfprintf.o) (_free_r)
D:/NXP/S32DS_ARM_v2.2/S32DS/build_tools/gcc_v6.3/gcc-6.3-arm32-eabi/arm-none-eabi/newlib/lib/thumb/v7e-m/fpv4-sp/hard\libc_nano.a(lib_a-nano-mallocr.o)
                              D:/NXP/S32DS_ARM_v2.2/S32DS/build_tools/gcc_v6.3/gcc-6.3-arm32-eabi/arm-none-eabi/newlib/lib/thumb/v7e-m/fpv4-sp/hard\libc_nano.a(lib_a-nano-svfprintf.o) (_malloc_r)
[...]
Memory Configuration

Name             Origin             Length             Attributes
m_interrupts     0x00000000         0x00000400         xr
m_flash_config   0x00000400         0x00000010         xr
m_text           0x00000410         0x0007fbf0         xr
m_data           0x1fff8000         0x00008000         rw
m_data_2         0x20000000         0x00007000         rw
*default*        0x00000000         0xffffffff

Linker script and memory map

LOAD d:/nxp/s32ds_arm_v2.2/s32ds/build_tools/gcc_v6.3/gcc-6.3-arm32-eabi/bin/../lib/gcc/arm-none-eabi/6.3.1/thumb/v7e-m/fpv4-sp/hard/crti.o
LOAD d:/nxp/s32ds_arm_v2.2/s32ds/build_tools/gcc_v6.3/gcc-6.3-arm32-eabi/bin/../lib/gcc/arm-none-eabi/6.3.1/thumb/v7e-m/fpv4-sp/hard/crtbegin.o
LOAD D:/NXP/S32DS_ARM_v2.2/S32DS/build_tools/gcc_v6.3/gcc-6.3-arm32-eabi/arm-none-eabi/newlib/lib/thumb/v7e-m/fpv4-sp/hard/crt0.o
LOAD ./Generated_Code/Cpu.o
LOAD ./Generated_Code/can_pal0.o
LOAD ./Generated_Code/clockMan1.o
LOAD ./Generated_Code/dmaController1.o
LOAD ./Generated_Code/lpit1.o
LOAD ./Generated_Code/lpuart1.o
LOAD ./Generated_Code/pin_mux.o
LOAD ./Project_Settings/Startup_Code/startup_S32K144.o
LOAD ./SDK/platform/devices/S32K144/startup/system_S32K144.o
LOAD ./SDK/platform/devices/startup.o
LOAD ./SDK/platform/drivers/src/clock/S32K1xx/clock_S32K1xx.o
LOAD ./SDK/platform/drivers/src/edma/edma_driver.o
LOAD ./SDK/platform/drivers/src/edma/edma_hw_access.o
LOAD ./SDK/platform/drivers/src/edma/edma_irq.o
LOAD ./SDK/platform/drivers/src/flexcan/flexcan_driver.o
LOAD ./SDK/platform/drivers/src/flexcan/flexcan_hw_access.o
LOAD ./SDK/platform/drivers/src/flexcan/flexcan_irq.o
LOAD ./SDK/platform/drivers/src/interrupt/interrupt_manager.o
LOAD ./SDK/platform/drivers/src/lpit/lpit_driver.o
LOAD ./SDK/platform/drivers/src/lpuart/lpuart_driver.o
LOAD ./SDK/platform/drivers/src/lpuart/lpuart_hw_access.o
LOAD ./SDK/platform/drivers/src/lpuart/lpuart_irq.o
LOAD ./SDK/platform/drivers/src/pins/pins_driver.o
LOAD ./SDK/platform/drivers/src/pins/pins_port_hw_access.o
LOAD ./SDK/platform/pal/src/can/can_pal.o
LOAD ./SDK/rtos/osif/osif_baremetal.o
LOAD ./Sources/can_fd_wrapper.o
LOAD ./Sources/delay.o
LOAD ./Sources/key.o
LOAD ./Sources/main.o
LOAD ./Sources/sys_cfg.o
LOAD ./Sources/uart.o
LOAD ./Sources/uds/services/uds_svc_10.o
LOAD ./Sources/uds/services/uds_svc_22.o
LOAD ./Sources/uds/services/uds_svc_27.o
LOAD ./Sources/uds/services/uds_svc_31.o
LOAD ./Sources/uds/uds_core.o
LOAD ./Sources/uds/uds_nrc.o
LOAD ./Sources/uds/uds_pending.o
LOAD ./Sources/uds/uds_routine.o
LOAD ./Sources/uds/uds_security.o
LOAD ./Sources/uds/uds_session.o
LOAD ./Sources/uds/uds_tp.o
LOAD ./Sources/uds/uds_user_config_example.o
START GROUP
LOAD d:/nxp/s32ds_arm_v2.2/s32ds/build_tools/gcc_v6.3/gcc-6.3-arm32-eabi/bin/../lib/gcc/arm-none-eabi/6.3.1/thumb/v7e-m/fpv4-sp/hard\libgcc.a
LOAD D:/NXP/S32DS_ARM_v2.2/S32DS/build_tools/gcc_v6.3/gcc-6.3-arm32-eabi/arm-none-eabi/newlib/lib/thumb/v7e-m/fpv4-sp/hard\libc_nano.a
END GROUP
START GROUP
LOAD d:/nxp/s32ds_arm_v2.2/s32ds/build_tools/gcc_v6.3/gcc-6.3-arm32-eabi/bin/../lib/gcc/arm-none-eabi/6.3.1/thumb/v7e-m/fpv4-sp/hard\libgcc.a
LOAD D:/NXP/S32DS_ARM_v2.2/S32DS/build_tools/gcc_v6.3/gcc-6.3-arm32-eabi/arm-none-eabi/newlib/lib/thumb/v7e-m/fpv4-sp/hard\libc_nano.a
LOAD D:/NXP/S32DS_ARM_v2.2/S32DS/build_tools/gcc_v6.3/gcc-6.3-arm32-eabi/arm-none-eabi/newlib/lib/thumb/v7e-m/fpv4-sp/hard\libnosys.a
END GROUP
START GROUP
LOAD d:/nxp/s32ds_arm_v2.2/s32ds/build_tools/gcc_v6.3/gcc-6.3-arm32-eabi/bin/../lib/gcc/arm-none-eabi/6.3.1/thumb/v7e-m/fpv4-sp/hard\libgcc.a
LOAD D:/NXP/S32DS_ARM_v2.2/S32DS/build_tools/gcc_v6.3/gcc-6.3-arm32-eabi/arm-none-eabi/newlib/lib/thumb/v7e-m/fpv4-sp/hard\libc_nano.a
LOAD D:/NXP/S32DS_ARM_v2.2/S32DS/build_tools/gcc_v6.3/gcc-6.3-arm32-eabi/arm-none-eabi/newlib/lib/thumb/v7e-m/fpv4-sp/hard\libnosys.a
END GROUP
LOAD d:/nxp/s32ds_arm_v2.2/s32ds/build_tools/gcc_v6.3/gcc-6.3-arm32-eabi/bin/../lib/gcc/arm-none-eabi/6.3.1/thumb/v7e-m/fpv4-sp/hard/crtend.o
LOAD d:/nxp/s32ds_arm_v2.2/s32ds/build_tools/gcc_v6.3/gcc-6.3-arm32-eabi/bin/../lib/gcc/arm-none-eabi/6.3.1/thumb/v7e-m/fpv4-sp/hard/crtn.o
                0x00000400                HEAP_SIZE = DEFINED (__heap_size__)?__heap_size__:0x400
                0x00000400                STACK_SIZE = DEFINED (__stack_size__)?__stack_size__:0x400
                0x00000400                M_VECTOR_RAM_SIZE = DEFINED (__flash_vector_table__)?0x0:0x400

.interrupts     0x00000000      0x400
                0x00000000                __VECTOR_TABLE = .
                0x00000000                __interrupts_start__ = .
                0x00000000                . = ALIGN (0x4)
 *(.isr_vector)
 .isr_vector    0x00000000      0x400 ./Project_Settings/Startup_Code/startup_S32K144.o
                0x00000000                __isr_vector
                0x00000400                __interrupts_end__ = .
                0x00000400                . = ALIGN (0x4)

.flash_config   0x00000400       0x10
                0x00000400                . = ALIGN (0x4)
 *(.FlashConfig)
 .FlashConfig   0x00000400       0x10 ./Project_Settings/Startup_Code/startup_S32K144.o
                0x00000410                . = ALIGN (0x4)

.text           0x00000410     0x657c
                0x00000410                . = ALIGN (0x4)
 *(.text)
 .text          0x00000410       0x4c ./Project_Settings/Startup_Code/startup_S32K144.o
                0x00000410                Reset_Handler
                0x00000458                DebugMon_Handler
                0x00000458                Reserved88_IRQHandler
                0x00000458                HardFault_Handler
                0x00000458                Reserved86_IRQHandler
                0x00000458                Reserved103_IRQHandler
                0x00000458                FTM2_Ovf_Reload_IRQHandler
                0x00000458                Reserved50_IRQHandler
                0x00000458                FTFC_Fault_IRQHandler
                0x00000458                FTM0_Ch6_Ch7_IRQHandler
                0x00000458                Reserved114_IRQHandler
                0x00000458                PendSV_Handler
                0x00000458                NMI_Handler
                0x00000458                Reserved89_IRQHandler
                0x00000458                ERM_double_fault_IRQHandler
                0x00000458                Reserved59_IRQHandler
                0x00000458                LPIT0_Ch0_IRQHandler
                0x00000458                Reserved99_IRQHandler
                0x00000458                FTM3_Ch6_Ch7_IRQHandler
                0x00000458                LPIT0_Ch3_IRQHandler
                0x00000458                Reserved92_IRQHandler
                0x00000458                FTM0_Ch4_Ch5_IRQHandler
                0x00000458                FTM3_Ch0_Ch1_IRQHandler
                0x00000458                SWI_IRQHandler
                0x00000458                ADC0_IRQHandler
                0x00000458                FTM2_Ch4_Ch5_IRQHandler
                0x00000458                UsageFault_Handler
                0x00000458                FTM0_Ovf_Reload_IRQHandler
                0x00000458                DefaultISR
                0x00000458                Reserved58_IRQHandler
                0x00000458                FTM1_Ch2_Ch3_IRQHandler
                0x00000458                Reserved82_IRQHandler
                0x00000458                LPI2C0_Slave_IRQHandler
                0x00000458                Reserved71_IRQHandler
                0x00000458                PORTD_IRQHandler
                0x00000458                Reserved69_IRQHandler
                0x00000458                PORTB_IRQHandler
                0x00000458                Reserved70_IRQHandler
                0x00000458                ADC1_IRQHandler
                0x00000458                FTM2_Ch2_Ch3_IRQHandler
                0x00000458                Reserved53_IRQHandler
                0x00000458                RTC_IRQHandler
                0x00000458                PDB0_IRQHandler
                0x00000458                Reserved54_IRQHandler
                0x00000458                FTM2_Ch6_Ch7_IRQHandler
                0x00000458                FTM3_Ch2_Ch3_IRQHandler
                0x00000458                FTM2_Ch0_Ch1_IRQHandler
                0x00000458                LPSPI1_IRQHandler
                0x00000458                LPUART1_RxTx_IRQHandler
                0x00000458                RTC_Seconds_IRQHandler
                0x00000458                Reserved72_IRQHandler
                0x00000458                Reserved110_IRQHandler
                0x00000458                Reserved107_IRQHandler
                0x00000458                Read_Collision_IRQHandler
                0x00000458                FTFC_IRQHandler
                0x00000458                FTM1_Ch6_Ch7_IRQHandler
                0x00000458                Reserved105_IRQHandler
                0x00000458                LPIT0_Ch1_IRQHandler
                0x00000458                FTM1_Ch4_Ch5_IRQHandler
                0x00000458                FTM3_Ovf_Reload_IRQHandler
                0x00000458                LPUART2_RxTx_IRQHandler
                0x00000458                LPSPI0_IRQHandler
                0x00000458                WDOG_EWM_IRQHandler
                0x00000458                MemManage_Handler
                0x00000458                Reserved90_IRQHandler
                0x00000458                Reserved83_IRQHandler
                0x00000458                FTM0_Fault_IRQHandler
                0x00000458                Reserved48_IRQHandler
                0x00000458                SVC_Handler
                0x00000458                ERM_single_fault_IRQHandler
                0x00000458                FTM2_Fault_IRQHandler
                0x00000458                FTM0_Ch2_Ch3_IRQHandler
                0x00000458                FTM0_Ch0_Ch1_IRQHandler
                0x00000458                FTM3_Fault_IRQHandler
                0x00000458                RCM_IRQHandler
                0x00000458                Reserved100_IRQHandler
                0x00000458                Reserved91_IRQHandler
                0x00000458                SCG_IRQHandler
                0x00000458                PDB1_IRQHandler
                0x00000458                Reserved81_IRQHandler
                0x00000458                Reserved46_IRQHandler
                0x00000458                Reserved45_IRQHandler
                0x00000458                Reserved112_IRQHandler
                0x00000458                LPI2C0_Master_IRQHandler
                0x00000458                FTM1_Fault_IRQHandler
                0x00000458                Reserved106_IRQHandler
                0x00000458                LVD_LVW_IRQHandler
                0x00000458                LPIT0_Ch2_IRQHandler
                0x00000458                PORTA_IRQHandler
                0x00000458                MCM_IRQHandler
                0x00000458                LPSPI2_IRQHandler
                0x00000458                FTM3_Ch4_Ch5_IRQHandler
                0x00000458                PORTE_IRQHandler
                0x00000458                LPUART0_RxTx_IRQHandler
                0x00000458                LPTMR0_IRQHandler
                0x00000458                BusFault_Handler
                0x00000458                Reserved87_IRQHandler
                0x00000458                FTM1_Ovf_Reload_IRQHandler
                0x00000458                Reserved93_IRQHandler
                0x00000458                CMP0_IRQHandler
                0x00000458                Reserved52_IRQHandler
                0x00000458                PORTC_IRQHandler
                0x00000458                FTM1_Ch0_Ch1_IRQHandler
                0x00000458                FLEXIO_IRQHandler
                0x00000458                Reserved113_IRQHandler
 .text          0x0000045c       0x30 d:/nxp/s32ds_arm_v2.2/s32ds/build_tools/gcc_v6.3/gcc-6.3-arm32-eabi/bin/../lib/gcc/arm-none-eabi/6.3.1/thumb/v7e-m/fpv4-sp/hard\libgcc.a(_aeabi_uldivmod.o)
                0x0000045c                __aeabi_uldivmod
 .text          0x0000048c      0x2e4 d:/nxp/s32ds_arm_v2.2/s32ds/build_tools/gcc_v6.3/gcc-6.3-arm32-eabi/bin/../lib/gcc/arm-none-eabi/6.3.1/thumb/v7e-m/fpv4-sp/hard\libgcc.a(_udivmoddi4.o)
                0x0000048c                __udivmoddi4
 .text          0x00000770        0x4 d:/nxp/s32ds_arm_v2.2/s32ds/build_tools/gcc_v6.3/gcc-6.3-arm32-eabi/bin/../lib/gcc/arm-none-eabi/6.3.1/thumb/v7e-m/fpv4-sp/hard\libgcc.a(_dvmd_tls.o)
                0x00000770                __aeabi_idiv0
                0x00000770                __aeabi_ldiv0
 .text          0x00000774       0x10 D:/NXP/S32DS_ARM_v2.2/S32DS/build_tools/gcc_v6.3/gcc-6.3-arm32-eabi/arm-none-eabi/newlib/lib/thumb/v7e-m/fpv4-sp/hard\libc_nano.a(lib_a-strlen.o)
                0x00000774                strlen
 *fill*         0x00000784        0xc 
 .text          0x00000790       0xa0 D:/NXP/S32DS_ARM_v2.2/S32DS/build_tools/gcc_v6.3/gcc-6.3-arm32-eabi/arm-none-eabi/newlib/lib/thumb/v7e-m/fpv4-sp/hard\libc_nano.a(lib_a-memchr.o)
                0x00000790                memchr
 *(.text*)
 .text.SystemInit
                0x00000830       0x3c ./SDK/platform/devices/S32K144/startup/system_S32K144.o
                0x00000830                SystemInit
 .text.init_data_bss
                0x0000086c       0xd8 ./SDK/platform/devices/startup.o
                0x0000086c                init_data_bss
 .text.CLOCK_SYS_GetCurrentRunMode
                0x00000944       0x24 ./SDK/platform/drivers/src/clock/S32K1xx/clock_S32K1xx.o
 .text.CLOCK_SYS_GetSysOscFreq
                0x00000968       0x1c ./SDK/platform/drivers/src/clock/S32K1xx/clock_S32K1xx.o
 .text.CLOCK_SYS_ConfigureSOSC
                0x00000984      0x12c ./SDK/platform/drivers/src/clock/S32K1xx/clock_S32K1xx.o
 .text.CLOCK_SYS_GetSircFreq
                0x00000ab0       0x2c ./SDK/platform/drivers/src/clock/S32K1xx/clock_S32K1xx.o
 .text.CLOCK_SYS_ConfigureSIRC
                0x00000adc       0xc4 ./SDK/platform/drivers/src/clock/S32K1xx/clock_S32K1xx.o
 .text.CLOCK_SYS_GetFircFreq
                0x00000ba0       0x20 ./SDK/platform/drivers/src/clock/S32K1xx/clock_S32K1xx.o
 .text.CLOCK_SYS_ConfigureFIRC
                0x00000bc0       0xb4 ./SDK/platform/drivers/src/clock/S32K1xx/clock_S32K1xx.o
 .text.CLOCK_SYS_GetSysPllFreq
                0x00000c74       0x44 ./SDK/platform/drivers/src/clock/S32K1xx/clock_S32K1xx.o
 .text.CLOCK_SYS_ConfigureSPLL
                0x00000cb8      0x104 ./SDK/platform/drivers/src/clock/S32K1xx/clock_S32K1xx.o
 .text.CLOCK_SYS_SetSystemClockConfig
                0x00000dbc      0x1e4 ./SDK/platform/drivers/src/clock/S32K1xx/clock_S32K1xx.o
 .text.CLOCK_SYS_TransitionSystemClock
                0x00000fa0       0x3c ./SDK/platform/drivers/src/clock/S32K1xx/clock_S32K1xx.o
 .text.CLOCK_SYS_GetSystemClockFreq
                0x00000fdc       0x78 ./SDK/platform/drivers/src/clock/S32K1xx/clock_S32K1xx.o
 .text.CLOCK_SYS_GetScgClkOutFreq
                0x00001054       0x44 ./SDK/platform/drivers/src/clock/S32K1xx/clock_S32K1xx.o
 .text.CLOCK_SYS_GetSysAsyncFreq
                0x00001098       0xd4 ./SDK/platform/drivers/src/clock/S32K1xx/clock_S32K1xx.o
 .text.CLOCK_SYS_GetSimRtcClkFreq
                0x0000116c       0x50 ./SDK/platform/drivers/src/clock/S32K1xx/clock_S32K1xx.o
 .text.CLOCK_SYS_GetPeripheralClock
                0x000011bc       0x78 ./SDK/platform/drivers/src/clock/S32K1xx/clock_S32K1xx.o
 .text.CLOCK_SYS_GetLpoFreq
                0x00001234       0x44 ./SDK/platform/drivers/src/clock/S32K1xx/clock_S32K1xx.o
 .text.CLOCK_SYS_GetSimClkOutFreq
                0x00001278       0x98 ./SDK/platform/drivers/src/clock/S32K1xx/clock_S32K1xx.o
 .text.CLOCK_DRV_Init
                0x00001310      0x598 ./SDK/platform/drivers/src/clock/S32K1xx/clock_S32K1xx.o
                0x00001310                CLOCK_DRV_Init
 .text.CLOCK_DRV_GetFreq
                0x000018a8      0x3a0 ./SDK/platform/drivers/src/clock/S32K1xx/clock_S32K1xx.o
                0x000018a8                CLOCK_DRV_GetFreq
 .text.CLOCK_SYS_Init
                0x00001c48       0x1c ./SDK/platform/drivers/src/clock/S32K1xx/clock_S32K1xx.o
                0x00001c48                CLOCK_SYS_Init
 .text.CLOCK_SYS_UpdateConfiguration
                0x00001c64       0xe8 ./SDK/platform/drivers/src/clock/S32K1xx/clock_S32K1xx.o
                0x00001c64                CLOCK_SYS_UpdateConfiguration
 .text.CLOCK_SYS_GetFreq
                0x00001d4c        0x8 ./SDK/platform/drivers/src/clock/S32K1xx/clock_S32K1xx.o
                0x00001d4c                CLOCK_SYS_GetFreq
 .text.EDMA_DRV_InstallCallback
                0x00001d54       0x20 ./SDK/platform/drivers/src/edma/edma_driver.o
                0x00001d54                EDMA_DRV_InstallCallback
 .text.EDMA_DRV_IRQHandler
                0x00001d74       0x2c ./SDK/platform/drivers/src/edma/edma_driver.o
                0x00001d74                EDMA_DRV_IRQHandler
 .text.EDMA_DRV_ErrorIRQHandler
                0x00001da0       0x3c ./SDK/platform/drivers/src/edma/edma_driver.o
                0x00001da0                EDMA_DRV_ErrorIRQHandler
 .text.EDMA_DRV_ConfigSingleBlockTransfer
                0x00001ddc      0x148 ./SDK/platform/drivers/src/edma/edma_driver.o
                0x00001ddc                EDMA_DRV_ConfigSingleBlockTransfer
 .text.EDMA_DRV_ConfigMultiBlockTransfer
                0x00001f24       0x64 ./SDK/platform/drivers/src/edma/edma_driver.o
                0x00001f24                EDMA_DRV_ConfigMultiBlockTransfer
 .text.EDMA_DRV_StartChannel
                0x00001f88       0x18 ./SDK/platform/drivers/src/edma/edma_driver.o
                0x00001f88                EDMA_DRV_StartChannel
 .text.EDMA_DRV_StopChannel
                0x00001fa0       0x18 ./SDK/platform/drivers/src/edma/edma_driver.o
                0x00001fa0                EDMA_DRV_StopChannel
 .text.EDMA_DRV_SetSrcAddr
                0x00001fb8       0x14 ./SDK/platform/drivers/src/edma/edma_driver.o
                0x00001fb8                EDMA_DRV_SetSrcAddr
 .text.EDMA_DRV_SetMajorLoopIterationCount
                0x00001fcc       0x14 ./SDK/platform/drivers/src/edma/edma_driver.o
                0x00001fcc                EDMA_DRV_SetMajorLoopIterationCount
 .text.EDMA_DRV_GetRemainingMajorIterationsCount
                0x00001fe0       0x14 ./SDK/platform/drivers/src/edma/edma_driver.o
                0x00001fe0                EDMA_DRV_GetRemainingMajorIterationsCount
 .text.EDMA_DRV_DisableRequestsOnTransferComplete
                0x00001ff4       0x38 ./SDK/platform/drivers/src/edma/edma_driver.o
                0x00001ff4                EDMA_DRV_DisableRequestsOnTransferComplete
 .text.EDMA_DRV_GetDmaRegBaseAddr
                0x0000202c        0x8 ./SDK/platform/drivers/src/edma/edma_driver.o
                0x0000202c                EDMA_DRV_GetDmaRegBaseAddr
 .text.EDMA_SetDmaRequestCmd
                0x00002034        0xa ./SDK/platform/drivers/src/edma/edma_hw_access.o
                0x00002034                EDMA_SetDmaRequestCmd
 .text.EDMA_TCDClearReg
                0x0000203e       0x4a ./SDK/platform/drivers/src/edma/edma_hw_access.o
                0x0000203e                EDMA_TCDClearReg
 .text.EDMA_TCDSetAttribute
                0x00002088       0x30 ./SDK/platform/drivers/src/edma/edma_hw_access.o
                0x00002088                EDMA_TCDSetAttribute
 .text.EDMA_TCDSetNbytes
                0x000020b8       0x5c ./SDK/platform/drivers/src/edma/edma_hw_access.o
                0x000020b8                EDMA_TCDSetNbytes
 .text.EDMA_TCDSetMajorCount
                0x00002114       0x5e ./SDK/platform/drivers/src/edma/edma_hw_access.o
                0x00002114                EDMA_TCDSetMajorCount
 .text.EDMA_TCDGetCurrentMajorCount
                0x00002172       0x2c ./SDK/platform/drivers/src/edma/edma_hw_access.o
                0x00002172                EDMA_TCDGetCurrentMajorCount
 .text.DMA0_IRQHandler
                0x0000219e        0xa ./SDK/platform/drivers/src/edma/edma_irq.o
                0x0000219e                DMA0_IRQHandler
 .text.DMA1_IRQHandler
                0x000021a8        0xa ./SDK/platform/drivers/src/edma/edma_irq.o
                0x000021a8                DMA1_IRQHandler
 .text.DMA2_IRQHandler
                0x000021b2        0xa ./SDK/platform/drivers/src/edma/edma_irq.o
                0x000021b2                DMA2_IRQHandler
 .text.DMA3_IRQHandler
                0x000021bc        0xa ./SDK/platform/drivers/src/edma/edma_irq.o
                0x000021bc                DMA3_IRQHandler
 .text.DMA4_IRQHandler
                0x000021c6        0xa ./SDK/platform/drivers/src/edma/edma_irq.o
                0x000021c6                DMA4_IRQHandler
 .text.DMA5_IRQHandler
                0x000021d0        0xa ./SDK/platform/drivers/src/edma/edma_irq.o
                0x000021d0                DMA5_IRQHandler
 .text.DMA6_IRQHandler
                0x000021da        0xa ./SDK/platform/drivers/src/edma/edma_irq.o
                0x000021da                DMA6_IRQHandler
 .text.DMA7_IRQHandler
                0x000021e4        0xa ./SDK/platform/drivers/src/edma/edma_irq.o
                0x000021e4                DMA7_IRQHandler
 .text.DMA8_IRQHandler
                0x000021ee        0xa ./SDK/platform/drivers/src/edma/edma_irq.o
                0x000021ee                DMA8_IRQHandler
 .text.DMA9_IRQHandler
                0x000021f8        0xa ./SDK/platform/drivers/src/edma/edma_irq.o
                0x000021f8                DMA9_IRQHandler
 .text.DMA10_IRQHandler
                0x00002202        0xa ./SDK/platform/drivers/src/edma/edma_irq.o
                0x00002202                DMA10_IRQHandler
 .text.DMA11_IRQHandler
                0x0000220c        0xa ./SDK/platform/drivers/src/edma/edma_irq.o
                0x0000220c                DMA11_IRQHandler
 .text.DMA12_IRQHandler
                0x00002216        0xa ./SDK/platform/drivers/src/edma/edma_irq.o
                0x00002216                DMA12_IRQHandler
 .text.DMA13_IRQHandler
                0x00002220        0xa ./SDK/platform/drivers/src/edma/edma_irq.o
                0x00002220                DMA13_IRQHandler
 .text.DMA14_IRQHandler
                0x0000222a        0xa ./SDK/platform/drivers/src/edma/edma_irq.o
                0x0000222a                DMA14_IRQHandler
 .text.DMA15_IRQHandler
                0x00002234        0xa ./SDK/platform/drivers/src/edma/edma_irq.o
                0x00002234                DMA15_IRQHandler
 .text.DMA_Error_IRQHandler
                0x0000223e       0x28 ./SDK/platform/drivers/src/edma/edma_irq.o
                0x0000223e                DMA_Error_IRQHandler
 *fill*         0x00002266        0x2 
 .text.FLEXCAN_StartSendData
                0x00002268       0xa4 ./SDK/platform/drivers/src/flexcan/flexcan_driver.o
 .text.FLEXCAN_StartRxMessageBufferData
                0x0000230c       0x80 ./SDK/platform/drivers/src/flexcan/flexcan_driver.o
 .text.FLEXCAN_StartRxMessageFifoData
                0x0000238c      0x110 ./SDK/platform/drivers/src/flexcan/flexcan_driver.o
 .text.FLEXCAN_CompleteRxMessageFifoData
                0x0000249c       0xa0 ./SDK/platform/drivers/src/flexcan/flexcan_driver.o
 .text.FLEXCAN_CompleteRxFifoDataDMA
                0x0000253c       0x30 ./SDK/platform/drivers/src/flexcan/flexcan_driver.o
 .text.FLEXCAN_CompleteTransfer
                0x0000256c       0x38 ./SDK/platform/drivers/src/flexcan/flexcan_driver.o
 .text.FLEXCAN_DRV_SetRxMaskType
                0x000025a4       0x30 ./SDK/platform/drivers/src/flexcan/flexcan_driver.o
                0x000025a4                FLEXCAN_DRV_SetRxMaskType
 .text.FLEXCAN_DRV_SetRxIndividualMask
                0x000025d4      0x118 ./SDK/platform/drivers/src/flexcan/flexcan_driver.o
                0x000025d4                FLEXCAN_DRV_SetRxIndividualMask
 .text.FLEXCAN_DRV_Init
                0x000026ec      0x2c4 ./SDK/platform/drivers/src/flexcan/flexcan_driver.o
                0x000026ec                FLEXCAN_DRV_Init
 .text.FLEXCAN_DRV_ConfigTxMb
                0x000029b0       0x40 ./SDK/platform/drivers/src/flexcan/flexcan_driver.o
                0x000029b0                FLEXCAN_DRV_ConfigTxMb
 .text.FLEXCAN_DRV_Send
                0x000029f0       0x34 ./SDK/platform/drivers/src/flexcan/flexcan_driver.o
                0x000029f0                FLEXCAN_DRV_Send
 .text.FLEXCAN_DRV_ConfigRxMb
                0x00002a24       0x68 ./SDK/platform/drivers/src/flexcan/flexcan_driver.o
                0x00002a24                FLEXCAN_DRV_ConfigRxMb
 .text.FLEXCAN_DRV_ConfigRxFifo
                0x00002a8c       0x28 ./SDK/platform/drivers/src/flexcan/flexcan_driver.o
                0x00002a8c                FLEXCAN_DRV_ConfigRxFifo
 .text.FLEXCAN_DRV_Receive
                0x00002ab4        0xa ./SDK/platform/drivers/src/flexcan/flexcan_driver.o
                0x00002ab4                FLEXCAN_DRV_Receive
 .text.FLEXCAN_DRV_RxFifo
                0x00002abe        0xa ./SDK/platform/drivers/src/flexcan/flexcan_driver.o
                0x00002abe                FLEXCAN_DRV_RxFifo
 .text.FLEXCAN_Error_IRQHandler
                0x00002ac8       0x28 ./SDK/platform/drivers/src/flexcan/flexcan_driver.o
                0x00002ac8                FLEXCAN_Error_IRQHandler
 .text.FLEXCAN_WakeUpHandler
                0x00002af0       0x6c ./SDK/platform/drivers/src/flexcan/flexcan_driver.o
                0x00002af0                FLEXCAN_WakeUpHandler
 .text.FLEXCAN_IRQHandler
                0x00002b5c      0x1b8 ./SDK/platform/drivers/src/flexcan/flexcan_driver.o
                0x00002b5c                FLEXCAN_IRQHandler
 .text.FLEXCAN_DRV_InstallEventCallback
                0x00002d14       0x14 ./SDK/platform/drivers/src/flexcan/flexcan_driver.o
                0x00002d14                FLEXCAN_DRV_InstallEventCallback
 .text.FLEXCAN_ComputePayloadSize
                0x00002d28       0x36 ./SDK/platform/drivers/src/flexcan/flexcan_hw_access.o
 *fill*         0x00002d5e        0x2 
 .text.FLEXCAN_GetRxFifoMask
                0x00002d60       0x60 ./SDK/platform/drivers/src/flexcan/flexcan_hw_access.o
                0x00002d60                FLEXCAN_GetRxFifoMask
 .text.FLEXCAN_GetMaxMbNum
                0x00002dc0       0x2c ./SDK/platform/drivers/src/flexcan/flexcan_hw_access.o
                0x00002dc0                FLEXCAN_GetMaxMbNum
 .text.FLEXCAN_Enable
                0x00002dec       0x2a ./SDK/platform/drivers/src/flexcan/flexcan_hw_access.o
                0x00002dec                FLEXCAN_Enable
 .text.FLEXCAN_Disable
                0x00002e16       0x18 ./SDK/platform/drivers/src/flexcan/flexcan_hw_access.o
                0x00002e16                FLEXCAN_Disable
 *fill*         0x00002e2e        0x2 
 .text.FLEXCAN_Init
                0x00002e30       0x68 ./SDK/platform/drivers/src/flexcan/flexcan_hw_access.o
                0x00002e30                FLEXCAN_Init
 .text.FLEXCAN_EnableRxFifo
                0x00002e98       0x54 ./SDK/platform/drivers/src/flexcan/flexcan_hw_access.o
                0x00002e98                FLEXCAN_EnableRxFifo
 .text.FLEXCAN_SetRxFifoFilter
                0x00002eec      0x1d8 ./SDK/platform/drivers/src/flexcan/flexcan_hw_access.o
                0x00002eec                FLEXCAN_SetRxFifoFilter
 .text.FLEXCAN_SetMsgBuffIntCmd
                0x000030c4       0x3c ./SDK/platform/drivers/src/flexcan/flexcan_hw_access.o
                0x000030c4                FLEXCAN_SetMsgBuffIntCmd
 .text.FLEXCAN_ExitFreezeMode
                0x00003100       0x1a ./SDK/platform/drivers/src/flexcan/flexcan_hw_access.o
                0x00003100                FLEXCAN_ExitFreezeMode
 .text.FLEXCAN_EnterFreezeMode
                0x0000311a       0x40 ./SDK/platform/drivers/src/flexcan/flexcan_hw_access.o
                0x0000311a                FLEXCAN_EnterFreezeMode
 *fill*         0x0000315a        0x2 
 .text.FLEXCAN_ClearErrIntStatusFlag
                0x0000315c       0x14 ./SDK/platform/drivers/src/flexcan/flexcan_hw_access.o
                0x0000315c                FLEXCAN_ClearErrIntStatusFlag
 .text.FLEXCAN_ReadRxFifo
                0x00003170       0x56 ./SDK/platform/drivers/src/flexcan/flexcan_hw_access.o
                0x00003170                FLEXCAN_ReadRxFifo
 .text.FLEXCAN_SetOperationMode
                0x000031c6       0x5e ./SDK/platform/drivers/src/flexcan/flexcan_hw_access.o
                0x000031c6                FLEXCAN_SetOperationMode
 .text.FLEXCAN_SetPayloadSize
                0x00003224       0x1a ./SDK/platform/drivers/src/flexcan/flexcan_hw_access.o
                0x00003224                FLEXCAN_SetPayloadSize
 .text.FLEXCAN_GetPayloadSize
                0x0000323e       0x20 ./SDK/platform/drivers/src/flexcan/flexcan_hw_access.o
                0x0000323e                FLEXCAN_GetPayloadSize
 .text.FLEXCAN_GetMsgBuffRegion
                0x0000325e       0x30 ./SDK/platform/drivers/src/flexcan/flexcan_hw_access.o
                0x0000325e                FLEXCAN_GetMsgBuffRegion
 *fill*         0x0000328e        0x2 
 .text.FLEXCAN_SetTxMsgBuff
                0x00003290      0x180 ./SDK/platform/drivers/src/flexcan/flexcan_hw_access.o
                0x00003290                FLEXCAN_SetTxMsgBuff
 .text.FLEXCAN_SetRxMsgBuff
                0x00003410       0xc8 ./SDK/platform/drivers/src/flexcan/flexcan_hw_access.o
                0x00003410                FLEXCAN_SetRxMsgBuff
 .text.FLEXCAN_GetMsgBuff
                0x000034d8       0x96 ./SDK/platform/drivers/src/flexcan/flexcan_hw_access.o
                0x000034d8                FLEXCAN_GetMsgBuff
 .text.FLEXCAN_LockRxMsgBuff
                0x0000356e        0xa ./SDK/platform/drivers/src/flexcan/flexcan_hw_access.o
                0x0000356e                FLEXCAN_LockRxMsgBuff
 .text.FLEXCAN_SetMaxMsgBuffNum
                0x00003578       0x9c ./SDK/platform/drivers/src/flexcan/flexcan_hw_access.o
                0x00003578                FLEXCAN_SetMaxMsgBuffNum
 .text.CAN0_ORed_IRQHandler
                0x00003614        0xa ./SDK/platform/drivers/src/flexcan/flexcan_irq.o
                0x00003614                CAN0_ORed_IRQHandler
 .text.CAN0_Error_IRQHandler
                0x0000361e        0xa ./SDK/platform/drivers/src/flexcan/flexcan_irq.o
                0x0000361e                CAN0_Error_IRQHandler
 .text.CAN0_Wake_Up_IRQHandler
                0x00003628        0xa ./SDK/platform/drivers/src/flexcan/flexcan_irq.o
                0x00003628                CAN0_Wake_Up_IRQHandler
 .text.CAN0_ORed_0_15_MB_IRQHandler
                0x00003632        0xa ./SDK/platform/drivers/src/flexcan/flexcan_irq.o
                0x00003632                CAN0_ORed_0_15_MB_IRQHandler
 .text.CAN0_ORed_16_31_MB_IRQHandler
                0x0000363c        0xa ./SDK/platform/drivers/src/flexcan/flexcan_irq.o
                0x0000363c                CAN0_ORed_16_31_MB_IRQHandler
 .text.CAN1_ORed_IRQHandler
                0x00003646        0xa ./SDK/platform/drivers/src/flexcan/flexcan_irq.o
                0x00003646                CAN1_ORed_IRQHandler
 .text.CAN1_Error_IRQHandler
                0x00003650        0xa ./SDK/platform/drivers/src/flexcan/flexcan_irq.o
                0x00003650                CAN1_Error_IRQHandler
 .text.CAN1_ORed_0_15_MB_IRQHandler
                0x0000365a        0xa ./SDK/platform/drivers/src/flexcan/flexcan_irq.o
                0x0000365a                CAN1_ORed_0_15_MB_IRQHandler
 .text.CAN2_ORed_IRQHandler
                0x00003664        0xa ./SDK/platform/drivers/src/flexcan/flexcan_irq.o
                0x00003664                CAN2_ORed_IRQHandler
 .text.CAN2_Error_IRQHandler
                0x0000366e        0xa ./SDK/platform/drivers/src/flexcan/flexcan_irq.o
                0x0000366e                CAN2_Error_IRQHandler
 .text.CAN2_ORed_0_15_MB_IRQHandler
                0x00003678        0xa ./SDK/platform/drivers/src/flexcan/flexcan_irq.o
                0x00003678                CAN2_ORed_0_15_MB_IRQHandler
 *fill*         0x00003682        0x2 
 .text.INT_SYS_InstallHandler
                0x00003684       0x30 ./SDK/platform/drivers/src/interrupt/interrupt_manager.o
                0x00003684                INT_SYS_InstallHandler
 .text.INT_SYS_EnableIRQ
                0x000036b4       0x18 ./SDK/platform/drivers/src/interrupt/interrupt_manager.o
                0x000036b4                INT_SYS_EnableIRQ
 .text.INT_SYS_DisableIRQ
                0x000036cc       0x1c ./SDK/platform/drivers/src/interrupt/interrupt_manager.o
                0x000036cc                INT_SYS_DisableIRQ
 .text.INT_SYS_EnableIRQGlobal
                0x000036e8       0x1c ./SDK/platform/drivers/src/interrupt/interrupt_manager.o
                0x000036e8                INT_SYS_EnableIRQGlobal
 .text.INT_SYS_DisableIRQGlobal
                0x00003704       0x10 ./SDK/platform/drivers/src/interrupt/interrupt_manager.o
                0x00003704                INT_SYS_DisableIRQGlobal
 .text.LPIT_DRV_Init
                0x00003714       0xac ./SDK/platform/drivers/src/lpit/lpit_driver.o
                0x00003714                LPIT_DRV_Init
 .text.LPIT_DRV_StartTimerChannels
                0x000037c0       0x10 ./SDK/platform/drivers/src/lpit/lpit_driver.o
                0x000037c0                LPIT_DRV_StartTimerChannels
 .text.LPIT_DRV_SetTimerPeriodByUs
                0x000037d0       0xac ./SDK/platform/drivers/src/lpit/lpit_driver.o
                0x000037d0                LPIT_DRV_SetTimerPeriodByUs
 .text.LPIT_DRV_InitChannel
                0x0000387c      0x188 ./SDK/platform/drivers/src/lpit/lpit_driver.o
                0x0000387c                LPIT_DRV_InitChannel
 .text.LPIT_DRV_ClearInterruptFlagTimerChannels
                0x00003a04        0xc ./SDK/platform/drivers/src/lpit/lpit_driver.o
                0x00003a04                LPIT_DRV_ClearInterruptFlagTimerChannels
 .text.LPUART_DRV_StartSendDataUsingInt
                0x00003a10       0x4c ./SDK/platform/drivers/src/lpuart/lpuart_driver.o
 .text.LPUART_DRV_StartSendDataUsingDma
                0x00003a5c       0x80 ./SDK/platform/drivers/src/lpuart/lpuart_driver.o
 .text.LPUART_DRV_CompleteSendDataUsingInt
                0x00003adc       0x64 ./SDK/platform/drivers/src/lpuart/lpuart_driver.o
 .text.LPUART_DRV_StopTxDma
                0x00003b40       0x64 ./SDK/platform/drivers/src/lpuart/lpuart_driver.o
 .text.LPUART_DRV_TxDmaCallback
                0x00003ba4       0x74 ./SDK/platform/drivers/src/lpuart/lpuart_driver.o
 .text.LPUART_DRV_PutData
                0x00003c18       0x44 ./SDK/platform/drivers/src/lpuart/lpuart_driver.o
 .text.LPUART_DRV_CompleteReceiveDataUsingInt
                0x00003c5c       0x64 ./SDK/platform/drivers/src/lpuart/lpuart_driver.o
 .text.LPUART_DRV_StopRxDma
                0x00003cc0       0x64 ./SDK/platform/drivers/src/lpuart/lpuart_driver.o
 .text.LPUART_DRV_GetData
                0x00003d24       0x5c ./SDK/platform/drivers/src/lpuart/lpuart_driver.o
 .text.LPUART_DRV_SendData
                0x00003d80       0x24 ./SDK/platform/drivers/src/lpuart/lpuart_driver.o
                0x00003d80                LPUART_DRV_SendData
 .text.LPUART_DRV_GetTransmitStatus
                0x00003da4       0x38 ./SDK/platform/drivers/src/lpuart/lpuart_driver.o
                0x00003da4                LPUART_DRV_GetTransmitStatus
 .text.LPUART_DRV_SetBaudRate
                0x00003ddc       0xd4 ./SDK/platform/drivers/src/lpuart/lpuart_driver.o
                0x00003ddc                LPUART_DRV_SetBaudRate
 .text.LPUART_DRV_Init
                0x00003eb0       0xe0 ./SDK/platform/drivers/src/lpuart/lpuart_driver.o
                0x00003eb0                LPUART_DRV_Init
 .text.LPUART_DRV_IRQHandler
                0x00003f90      0x2a8 ./SDK/platform/drivers/src/lpuart/lpuart_driver.o
                0x00003f90                LPUART_DRV_IRQHandler
 .text.LPUART_Init
                0x00004238       0x24 ./SDK/platform/drivers/src/lpuart/lpuart_hw_access.o
                0x00004238                LPUART_Init
 .text.LPUART_SetBitCountPerChar
                0x0000425c       0x30 ./SDK/platform/drivers/src/lpuart/lpuart_hw_access.o
                0x0000425c                LPUART_SetBitCountPerChar
 .text.LPUART_SetParityMode
                0x0000428c       0x1e ./SDK/platform/drivers/src/lpuart/lpuart_hw_access.o
                0x0000428c                LPUART_SetParityMode
 .text.LPUART_Putchar9
                0x000042aa       0x16 ./SDK/platform/drivers/src/lpuart/lpuart_hw_access.o
                0x000042aa                LPUART_Putchar9
 .text.LPUART_Putchar10
                0x000042c0       0x22 ./SDK/platform/drivers/src/lpuart/lpuart_hw_access.o
                0x000042c0                LPUART_Putchar10
 .text.LPUART_Getchar9
                0x000042e2       0x12 ./SDK/platform/drivers/src/lpuart/lpuart_hw_access.o
                0x000042e2                LPUART_Getchar9
 .text.LPUART_Getchar10
                0x000042f4       0x1e ./SDK/platform/drivers/src/lpuart/lpuart_hw_access.o
                0x000042f4                LPUART_Getchar10
 .text.LPUART_SetIntMode
                0x00004312       0x70 ./SDK/platform/drivers/src/lpuart/lpuart_hw_access.o
                0x00004312                LPUART_SetIntMode
 .text.LPUART_GetIntMode
                0x00004382       0x4a ./SDK/platform/drivers/src/lpuart/lpuart_hw_access.o
                0x00004382                LPUART_GetIntMode
 .text.LPUART_GetStatusFlag
                0x000043cc       0x48 ./SDK/platform/drivers/src/lpuart/lpuart_hw_access.o
                0x000043cc                LPUART_GetStatusFlag
 .text.LPUART_SetErrorInterrupts
                0x00004414       0x40 ./SDK/platform/drivers/src/lpuart/lpuart_hw_access.o
                0x00004414                LPUART_SetErrorInterrupts
 .text.LPUART0_IrqHandler
                0x00004454        0xa ./SDK/platform/drivers/src/lpuart/lpuart_irq.o
                0x00004454                LPUART0_IrqHandler
 .text.LPUART1_IrqHandler
                0x0000445e        0xa ./SDK/platform/drivers/src/lpuart/lpuart_irq.o
                0x0000445e                LPUART1_IrqHandler
 .text.LPUART2_IrqHandler
                0x00004468        0xa ./SDK/platform/drivers/src/lpuart/lpuart_irq.o
                0x00004468                LPUART2_IrqHandler
 .text.PINS_DRV_Init
                0x00004472       0x20 ./SDK/platform/drivers/src/pins/pins_driver.o
                0x00004472                PINS_DRV_Init
 .text.PINS_DRV_WritePin
                0x00004492       0x18 ./SDK/platform/drivers/src/pins/pins_driver.o
                0x00004492                PINS_DRV_WritePin
 .text.PINS_DRV_ReadPins
                0x000044aa        0x4 ./SDK/platform/drivers/src/pins/pins_driver.o
                0x000044aa                PINS_DRV_ReadPins
 *fill*         0x000044ae        0x2 
 .text.PINS_GetAdcInterleaveVal
                0x000044b0       0x70 ./SDK/platform/drivers/src/pins/pins_port_hw_access.o
 .text.PINS_Init
                0x00004520      0x114 ./SDK/platform/drivers/src/pins/pins_port_hw_access.o
                0x00004520                PINS_Init
 .text.CAN_FindFlexCANState
                0x00004634        0x4 ./SDK/platform/pal/src/can/can_pal.o
 .text.CAN_InternalCallback
                0x00004638       0x6c ./SDK/platform/pal/src/can/can_pal.o
 .text.CAN_Init
                0x000046a4       0xe8 ./SDK/platform/pal/src/can/can_pal.o
                0x000046a4                CAN_Init
 .text.CAN_ConfigTxBuff
                0x0000478c       0x74 ./SDK/platform/pal/src/can/can_pal.o
                0x0000478c                CAN_ConfigTxBuff
 .text.CAN_ConfigRxBuff
                0x00004800       0x7c ./SDK/platform/pal/src/can/can_pal.o
                0x00004800                CAN_ConfigRxBuff
 .text.CAN_Send
                0x0000487c       0x78 ./SDK/platform/pal/src/can/can_pal.o
                0x0000487c                CAN_Send
 .text.CAN_Receive
                0x000048f4       0x48 ./SDK/platform/pal/src/can/can_pal.o
                0x000048f4                CAN_Receive
 .text.CAN_SetRxFilter
                0x0000493c       0x28 ./SDK/platform/pal/src/can/can_pal.o
                0x0000493c                CAN_SetRxFilter
 .text.CAN_InstallEventCallback
                0x00004964       0x40 ./SDK/platform/pal/src/can/can_pal.o
                0x00004964                CAN_InstallEventCallback
 .text.SysTick_Handler
                0x000049a4       0x10 ./SDK/rtos/osif/osif_baremetal.o
                0x000049a4                SysTick_Handler
 .text.OSIF_SemaPost
                0x000049b4       0x26 ./SDK/rtos/osif/osif_baremetal.o
                0x000049b4                OSIF_SemaPost
 .text.OSIF_SemaCreate
                0x000049da       0x14 ./SDK/rtos/osif/osif_baremetal.o
                0x000049da                OSIF_SemaCreate
 .text.OSIF_SemaDestroy
                0x000049ee        0x4 ./SDK/rtos/osif/osif_baremetal.o
                0x000049ee                OSIF_SemaDestroy
 .text.CanFdConvertLengthToDlc
                0x000049f2       0x36 ./Sources/can_fd_wrapper.o
 .text.CanFdConvertDlcToLength
                0x00004a28       0x2c ./Sources/can_fd_wrapper.o
 .text.CAN0_Callback_Func
                0x00004a54       0x40 ./Sources/can_fd_wrapper.o
                0x00004a54                CAN0_Callback_Func
 .text.CanFdSendQuick
                0x00004a94       0x74 ./Sources/can_fd_wrapper.o
                0x00004a94                CanFdSendQuick
 .text.CAN0_Init
                0x00004b08       0x5c ./Sources/can_fd_wrapper.o
                0x00004b08                CAN0_Init
 .text.SysTick_Init
                0x00004b64       0x14 ./Sources/delay.o
                0x00004b64                SysTick_Init
 .text.delay_us
                0x00004b78       0x34 ./Sources/delay.o
                0x00004b78                delay_us
 .text.delay_ms
                0x00004bac       0x1c ./Sources/delay.o
                0x00004bac                delay_ms
 .text.delay_init
                0x00004bc8       0x38 ./Sources/delay.o
                0x00004bc8                delay_init
 .text.KEY_Proc
                0x00004c00       0xbc ./Sources/key.o
                0x00004c00                KEY_Proc
 .text.LPIT_ISR
                0x00004cbc       0x1c ./Sources/main.o
                0x00004cbc                LPIT_ISR
 .text.main     0x00004cd8      0x104 ./Sources/main.o
                0x00004cd8                main
 .text.u1_printf
                0x00004ddc       0x44 ./Sources/uart.o
                0x00004ddc                u1_printf
 .text.UdsSvc10DefaultSession
                0x00004e20       0x38 ./Sources/uds/services/uds_svc_10.o
                0x00004e20                UdsSvc10DefaultSession
 .text.UdsSvc10ProgrammingSession
                0x00004e58       0x38 ./Sources/uds/services/uds_svc_10.o
                0x00004e58                UdsSvc10ProgrammingSession
 .text.UdsSvc10ExtendedSession
                0x00004e90       0x34 ./Sources/uds/services/uds_svc_10.o
                0x00004e90                UdsSvc10ExtendedSession
 .text.UdsSvc10SecuritySession
                0x00004ec4       0x34 ./Sources/uds/services/uds_svc_10.o
                0x00004ec4                UdsSvc10SecuritySession
 .text.UdsSvc22Handler
                0x00004ef8       0x5c ./Sources/uds/services/uds_svc_22.o
                0x00004ef8                UdsSvc22Handler
 .text.UdsSvc27RequestSeed
                0x00004f54       0x7c ./Sources/uds/services/uds_svc_27.o
                0x00004f54                UdsSvc27RequestSeed
 .text.UdsSvc27SendKey
                0x00004fd0       0x88 ./Sources/uds/services/uds_svc_27.o
                0x00004fd0                UdsSvc27SendKey
 .text.UdsSvc31Handler
                0x00005058      0x114 ./Sources/uds/services/uds_svc_31.o
                0x00005058                UdsSvc31Handler
 .text.UdsServiceDispatch
                0x0000516c      0x150 ./Sources/uds/uds_core.o
 .text.UdsInit  0x000052bc       0x34 ./Sources/uds/uds_core.o
                0x000052bc                UdsInit
 .text.UdsCanRxIndication
                0x000052f0       0x34 ./Sources/uds/uds_core.o
                0x000052f0                UdsCanRxIndication
 .text.UdsTimerISR
                0x00005324       0x2c ./Sources/uds/uds_core.o
                0x00005324                UdsTimerISR
 .text.UdsMainTask
                0x00005350       0xbc ./Sources/uds/uds_core.o
                0x00005350                UdsMainTask
 .text.UdsSendNegativeResponse
                0x0000540c       0x24 ./Sources/uds/uds_nrc.o
                0x0000540c                UdsSendNegativeResponse
 .text.UdsSendResponsePending
                0x00005430       0x28 ./Sources/uds/uds_nrc.o
                0x00005430                UdsSendResponsePending
 .text.UdsPendingStop
                0x00005458       0x18 ./Sources/uds/uds_pending.o
                0x00005458                UdsPendingStop
 .text.UdsPendingTimerHandler
                0x00005470       0x1c ./Sources/uds/uds_pending.o
                0x00005470                UdsPendingTimerHandler
 .text.UdsPendingNeedSend
                0x0000548c       0x18 ./Sources/uds/uds_pending.o
                0x0000548c                UdsPendingNeedSend
 .text.UdsPendingIsMaxCountReached
                0x000054a4       0x1c ./Sources/uds/uds_pending.o
                0x000054a4                UdsPendingIsMaxCountReached
 .text.UdsPendingGetServiceId
                0x000054c0        0xc ./Sources/uds/uds_pending.o
                0x000054c0                UdsPendingGetServiceId
 .text.UdsRoutineConfigInit
                0x000054cc       0x14 ./Sources/uds/uds_routine.o
                0x000054cc                UdsRoutineConfigInit
 .text.UdsRoutineFind
                0x000054e0       0x44 ./Sources/uds/uds_routine.o
                0x000054e0                UdsRoutineFind
 .text.UdsRoutineCheckPermission
                0x00005524       0x28 ./Sources/uds/uds_routine.o
                0x00005524                UdsRoutineCheckPermission
 .text.UdsSecurityInit
                0x0000554c       0x18 ./Sources/uds/uds_security.o
                0x0000554c                UdsSecurityInit
 .text.UdsSecurityConfigInit
                0x00005564        0xc ./Sources/uds/uds_security.o
                0x00005564                UdsSecurityConfigInit
 .text.UdsGetSecurityState
                0x00005570        0xc ./Sources/uds/uds_security.o
                0x00005570                UdsGetSecurityState
 .text.UdsGetSecurityLevel
                0x0000557c        0xc ./Sources/uds/uds_security.o
                0x0000557c                UdsGetSecurityLevel
 .text.UdsUnlockSecurity
                0x00005588       0x14 ./Sources/uds/uds_security.o
                0x00005588                UdsUnlockSecurity
 .text.UdsLockSecurity
                0x0000559c       0x10 ./Sources/uds/uds_security.o
                0x0000559c                UdsLockSecurity
 .text.UdsCheckSecurityPermission
                0x000055ac       0x28 ./Sources/uds/uds_security.o
                0x000055ac                UdsCheckSecurityPermission
 .text.UdsSecurityGenerateSeed
                0x000055d4       0x1c ./Sources/uds/uds_security.o
                0x000055d4                UdsSecurityGenerateSeed
 .text.UdsSecurityVerifyKey
                0x000055f0       0x60 ./Sources/uds/uds_security.o
                0x000055f0                UdsSecurityVerifyKey
 .text.UdsSecurityIncrementFailedAttempts
                0x00005650       0x20 ./Sources/uds/uds_security.o
                0x00005650                UdsSecurityIncrementFailedAttempts
 .text.UdsSecurityTimerHandler
                0x00005670       0x14 ./Sources/uds/uds_security.o
                0x00005670                UdsSecurityTimerHandler
 .text.UdsSecurityIsDelayActive
                0x00005684       0x10 ./Sources/uds/uds_security.o
                0x00005684                UdsSecurityIsDelayActive
 .text.UdsSessionInit
                0x00005694       0x14 ./Sources/uds/uds_session.o
                0x00005694                UdsSessionInit
 .text.UdsSetSession
                0x000056a8       0x24 ./Sources/uds/uds_session.o
                0x000056a8                UdsSetSession
 .text.UdsCheckSessionPermission
                0x000056cc       0x18 ./Sources/uds/uds_session.o
                0x000056cc                UdsCheckSessionPermission
 .text.UdsRefreshS3Timer
                0x000056e4       0x1c ./Sources/uds/uds_session.o
                0x000056e4                UdsRefreshS3Timer
 .text.UdsSessionTimerHandler
                0x00005700       0x28 ./Sources/uds/uds_session.o
                0x00005700                UdsSessionTimerHandler
 .text.UdsTpSendCF
                0x00005728       0xbc ./Sources/uds/uds_tp.o
 .text.UdsTpInit
                0x000057e4       0x6c ./Sources/uds/uds_tp.o
                0x000057e4                UdsTpInit
 .text.UdsTpRxIndication
                0x00005850      0x234 ./Sources/uds/uds_tp.o
                0x00005850                UdsTpRxIndication
 .text.UdsTpTransmit
                0x00005a84       0xf4 ./Sources/uds/uds_tp.o
                0x00005a84                UdsTpTransmit
 .text.UdsTpTimerHandler
                0x00005b78       0xb4 ./Sources/uds/uds_tp.o
                0x00005b78                UdsTpTimerHandler
 .text.UdsTpIsRxBusy
                0x00005c2c        0xc ./Sources/uds/uds_tp.o
                0x00005c2c                UdsTpIsRxBusy
 .text.UdsTpGetRxData
                0x00005c38       0x18 ./Sources/uds/uds_tp.o
                0x00005c38                UdsTpGetRxData
 .text.UdsTpClearRx
                0x00005c50       0x1c ./Sources/uds/uds_tp.o
                0x00005c50                UdsTpClearRx
 .text.MySecurityLevel1CalcKey
                0x00005c6c       0x12 ./Sources/uds/uds_user_config_example.o
                0x00005c6c                MySecurityLevel1CalcKey
 .text.RoutineEraseMemoryStart
                0x00005c7e       0x1a ./Sources/uds/uds_user_config_example.o
                0x00005c7e                RoutineEraseMemoryStart
 .text.RoutineEraseMemoryResult
                0x00005c98       0x1c ./Sources/uds/uds_user_config_example.o
                0x00005c98                RoutineEraseMemoryResult
 .text.UdsPlatformCanTransmit
                0x00005cb4       0x4c ./Sources/uds/uds_user_config_example.o
                0x00005cb4                UdsPlatformCanTransmit
 .text.UdsPlatformRandomGenerate
                0x00005d00       0x30 ./Sources/uds/uds_user_config_example.o
                0x00005d00                UdsPlatformRandomGenerate
 .text.UdsStackInit
                0x00005d30       0x28 ./Sources/uds/uds_user_config_example.o
                0x00005d30                UdsStackInit
 .text.memcpy   0x00005d58       0x16 D:/NXP/S32DS_ARM_v2.2/S32DS/build_tools/gcc_v6.3/gcc-6.3-arm32-eabi/arm-none-eabi/newlib/lib/thumb/v7e-m/fpv4-sp/hard\libc_nano.a(lib_a-memcpy-stub.o)
                0x00005d58                memcpy
 .text.memset   0x00005d6e       0x10 D:/NXP/S32DS_ARM_v2.2/S32DS/build_tools/gcc_v6.3/gcc-6.3-arm32-eabi/arm-none-eabi/newlib/lib/thumb/v7e-m/fpv4-sp/hard\libc_nano.a(lib_a-memset.o)
                0x00005d6e                memset
 .text._vsprintf_r
                0x00005d7e       0x30 D:/NXP/S32DS_ARM_v2.2/S32DS/build_tools/gcc_v6.3/gcc-6.3-arm32-eabi/arm-none-eabi/newlib/lib/thumb/v7e-m/fpv4-sp/hard\libc_nano.a(lib_a-vsprintf.o)
                0x00005d7e                _vsprintf_r
                0x00005d7e                _vsiprintf_r
 *fill*         0x00005dae        0x2 
 .text.vsprintf
                0x00005db0       0x14 D:/NXP/S32DS_ARM_v2.2/S32DS/build_tools/gcc_v6.3/gcc-6.3-arm32-eabi/arm-none-eabi/newlib/lib/thumb/v7e-m/fpv4-sp/hard\libc_nano.a(lib_a-vsprintf.o)
                0x00005db0                vsiprintf
                0x00005db0                vsprintf
 .text.__ssputs_r
                0x00005dc4       0xb6 D:/NXP/S32DS_ARM_v2.2/S32DS/build_tools/gcc_v6.3/gcc-6.3-arm32-eabi/arm-none-eabi/newlib/lib/thumb/v7e-m/fpv4-sp/hard\libc_nano.a(lib_a-nano-svfprintf.o)
                0x00005dc4                __ssputs_r
 *fill*         0x00005e7a        0x2 
 .text._svfprintf_r
                0x00005e7c      0x1e8 D:/NXP/S32DS_ARM_v2.2/S32DS/build_tools/gcc_v6.3/gcc-6.3-arm32-eabi/arm-none-eabi/newlib/lib/thumb/v7e-m/fpv4-sp/hard\libc_nano.a(lib_a-nano-svfprintf.o)
                0x00005e7c                _svfiprintf_r
                0x00005e7c                _svfprintf_r
 .text._printf_common
                0x00006064       0xec D:/NXP/S32DS_ARM_v2.2/S32DS/build_tools/gcc_v6.3/gcc-6.3-arm32-eabi/arm-none-eabi/newlib/lib/thumb/v7e-m/fpv4-sp/hard\libc_nano.a(lib_a-nano-vfprintf_i.o)
                0x00006064                _printf_common
 .text._printf_i
                0x00006150      0x240 D:/NXP/S32DS_ARM_v2.2/S32DS/build_tools/gcc_v6.3/gcc-6.3-arm32-eabi/arm-none-eabi/newlib/lib/thumb/v7e-m/fpv4-sp/hard\libc_nano.a(lib_a-nano-vfprintf_i.o)
                0x00006150                _printf_i
 .text.memmove  0x00006390       0x34 D:/NXP/S32DS_ARM_v2.2/S32DS/build_tools/gcc_v6.3/gcc-6.3-arm32-eabi/arm-none-eabi/newlib/lib/thumb/v7e-m/fpv4-sp/hard\libc_nano.a(lib_a-memmove.o)
                0x00006390                memmove
 .text._free_r  0x000063c4       0x9c D:/NXP/S32DS_ARM_v2.2/S32DS/build_tools/gcc_v6.3/gcc-6.3-arm32-eabi/arm-none-eabi/newlib/lib/thumb/v7e-m/fpv4-sp/hard\libc_nano.a(lib_a-nano-freer.o)
                0x000063c4                _free_r
 .text._malloc_r
                0x00006460       0xbc D:/NXP/S32DS_ARM_v2.2/S32DS/build_tools/gcc_v6.3/gcc-6.3-arm32-eabi/arm-none-eabi/newlib/lib/thumb/v7e-m/fpv4-sp/hard\libc_nano.a(lib_a-nano-mallocr.o)
                0x00006460                _malloc_r
 .text._realloc_r
                0x0000651c       0x4c D:/NXP/S32DS_ARM_v2.2/S32DS/build_tools/gcc_v6.3/gcc-6.3-arm32-eabi/arm-none-eabi/newlib/lib/thumb/v7e-m/fpv4-sp/hard\libc_nano.a(lib_a-nano-reallocr.o)
                0x0000651c                _realloc_r
 .text._sbrk_r  0x00006568       0x20 D:/NXP/S32DS_ARM_v2.2/S32DS/build_tools/gcc_v6.3/gcc-6.3-arm32-eabi/arm-none-eabi/newlib/lib/thumb/v7e-m/fpv4-sp/hard\libc_nano.a(lib_a-sbrkr.o)
                0x00006568                _sbrk_r
 .text.__malloc_lock
                0x00006588        0x2 D:/NXP/S32DS_ARM_v2.2/S32DS/build_tools/gcc_v6.3/gcc-6.3-arm32-eabi/arm-none-eabi/newlib/lib/thumb/v7e-m/fpv4-sp/hard\libc_nano.a(lib_a-mlock.o)
                0x00006588                __malloc_lock
 .text.__malloc_unlock
                0x0000658a        0x2 D:/NXP/S32DS_ARM_v2.2/S32DS/build_tools/gcc_v6.3/gcc-6.3-arm32-eabi/arm-none-eabi/newlib/lib/thumb/v7e-m/fpv4-sp/hard\libc_nano.a(lib_a-mlock.o)
                0x0000658a                __malloc_unlock
 .text._malloc_usable_size_r
                0x0000658c       0x12 D:/NXP/S32DS_ARM_v2.2/S32DS/build_tools/gcc_v6.3/gcc-6.3-arm32-eabi/arm-none-eabi/newlib/lib/thumb/v7e-m/fpv4-sp/hard\libc_nano.a(lib_a-nano-msizer.o)
                0x0000658c                _malloc_usable_size_r
 *fill*         0x0000659e        0x2 
 .text._sbrk    0x000065a0       0x1c D:/NXP/S32DS_ARM_v2.2/S32DS/build_tools/gcc_v6.3/gcc-6.3-arm32-eabi/arm-none-eabi/newlib/lib/thumb/v7e-m/fpv4-sp/hard\libnosys.a(sbrk.o)
                0x000065a0                _sbrk
 *(.rodata)
 .rodata        0x000065bc       0x10 ./Sources/can_fd_wrapper.o
 *(.rodata*)
 .rodata.can_pal0_instance
                0x000065cc        0x8 ./Generated_Code/can_pal0.o
                0x000065cc                can_pal0_instance
 .rodata.lpit1_InitConfig
                0x000065d4        0x2 ./Generated_Code/lpit1.o
                0x000065d4                lpit1_InitConfig
 *fill*         0x000065d6        0x2 
 .rodata.lpuart1_InitConfig0
                0x000065d8        0xc ./Generated_Code/lpuart1.o
                0x000065d8                lpuart1_InitConfig0
 .rodata.clockNameMappings
                0x000065e4       0x9e ./SDK/platform/drivers/src/clock/S32K1xx/clock_S32K1xx.o
                0x000065e4                clockNameMappings
 *fill*         0x00006682        0x2 
 .rodata.maxSysClksInHSRUN.7598
                0x00006684       0x54 ./SDK/platform/drivers/src/clock/S32K1xx/clock_S32K1xx.o
 .rodata.maxSysClksInRUN.7597
                0x000066d8       0x54 ./SDK/platform/drivers/src/clock/S32K1xx/clock_S32K1xx.o
 .rodata.maxSysClksInVLPR.7596
                0x0000672c       0x54 ./SDK/platform/drivers/src/clock/S32K1xx/clock_S32K1xx.o
 .rodata.peripheralFeaturesList
                0x00006780       0x4f ./SDK/platform/drivers/src/clock/S32K1xx/clock_S32K1xx.o
                0x00006780                peripheralFeaturesList
 *fill*         0x000067cf        0x1 
 .rodata.g_flexcanBase
                0x000067d0        0xc ./SDK/platform/drivers/src/flexcan/flexcan_driver.o
 .rodata.g_flexcanBusOffIrqId
                0x000067dc        0x3 ./SDK/platform/drivers/src/flexcan/flexcan_driver.o
 *fill*         0x000067df        0x1 
 .rodata.g_flexcanErrorIrqId
                0x000067e0        0x3 ./SDK/platform/drivers/src/flexcan/flexcan_driver.o
 *fill*         0x000067e3        0x1 
 .rodata.g_flexcanOredMessageBufferIrqId
                0x000067e4        0x6 ./SDK/platform/drivers/src/flexcan/flexcan_driver.o
 *fill*         0x000067ea        0x2 
 .rodata.g_flexcanWakeUpIrqId
                0x000067ec        0x3 ./SDK/platform/drivers/src/flexcan/flexcan_driver.o
 *fill*         0x000067ef        0x1 
 .rodata.payload_code.7337
                0x000067f0       0x41 ./SDK/platform/drivers/src/flexcan/flexcan_hw_access.o
 *fill*         0x00006831        0x3 
 .rodata.s_lpuartBase
                0x00006834        0xc ./SDK/platform/drivers/src/lpuart/lpuart_driver.o
 .rodata.s_lpuartClkNames
                0x00006840        0x3 ./SDK/platform/drivers/src/lpuart/lpuart_driver.o
 *fill*         0x00006843        0x1 
 .rodata.s_lpuartRxTxIrqId
                0x00006844        0x3 ./SDK/platform/drivers/src/lpuart/lpuart_driver.o
 *fill*         0x00006847        0x1 
 .rodata.main.str1.4
                0x00006848       0x34 ./Sources/main.o
                                 0x31 (size before relaxing)
 .rodata.kDid0204Data
                0x0000687c        0x5 ./Sources/uds/services/uds_svc_22.o
 *fill*         0x00006881        0x3 
 .rodata.gUdsRoutineTable
                0x00006884       0x1c ./Sources/uds/uds_user_config_example.o
                0x00006884                gUdsRoutineTable
 .rodata.gUdsSecurityConfig
                0x000068a0       0x10 ./Sources/uds/uds_user_config_example.o
                0x000068a0                gUdsSecurityConfig
 .rodata.gUdsServiceTable
                0x000068b0       0x40 ./Sources/uds/uds_user_config_example.o
                0x000068b0                gUdsServiceTable
 .rodata.gUdsSvc10SubTable
                0x000068f0       0x40 ./Sources/uds/uds_user_config_example.o
                0x000068f0                gUdsSvc10SubTable
 .rodata.gUdsSvc27SubTable
                0x00006930       0x20 ./Sources/uds/uds_user_config_example.o
                0x00006930                gUdsSvc27SubTable
 .rodata._svfprintf_r.str1.1
                0x00006950       0x11 D:/NXP/S32DS_ARM_v2.2/S32DS/build_tools/gcc_v6.3/gcc-6.3-arm32-eabi/arm-none-eabi/newlib/lib/thumb/v7e-m/fpv4-sp/hard\libc_nano.a(lib_a-nano-svfprintf.o)
 .rodata._printf_i.str1.1
                0x00006961       0x22 D:/NXP/S32DS_ARM_v2.2/S32DS/build_tools/gcc_v6.3/gcc-6.3-arm32-eabi/arm-none-eabi/newlib/lib/thumb/v7e-m/fpv4-sp/hard\libc_nano.a(lib_a-nano-vfprintf_i.o)
 *(.init)
 *fill*         0x00006983        0x1 
 .init          0x00006984        0x4 d:/nxp/s32ds_arm_v2.2/s32ds/build_tools/gcc_v6.3/gcc-6.3-arm32-eabi/bin/../lib/gcc/arm-none-eabi/6.3.1/thumb/v7e-m/fpv4-sp/hard/crti.o
                0x00006984                _init
 *(.fini)
 .fini          0x00006988        0x4 d:/nxp/s32ds_arm_v2.2/s32ds/build_tools/gcc_v6.3/gcc-6.3-arm32-eabi/bin/../lib/gcc/arm-none-eabi/6.3.1/thumb/v7e-m/fpv4-sp/hard/crti.o
                0x00006988                _fini
 *(.eh_frame)
                0x0000698c                . = ALIGN (0x4)

.glue_7         0x0000698c        0x0
 .glue_7        0x0000698c        0x0 linker stubs

.glue_7t        0x0000698c        0x0
 .glue_7t       0x0000698c        0x0 linker stubs

.vfp11_veneer   0x0000698c        0x0
 .vfp11_veneer  0x0000698c        0x0 linker stubs

.v4_bx          0x0000698c        0x0
 .v4_bx         0x0000698c        0x0 linker stubs

.iplt           0x0000698c        0x0
 .iplt          0x0000698c        0x0 d:/nxp/s32ds_arm_v2.2/s32ds/build_tools/gcc_v6.3/gcc-6.3-arm32-eabi/bin/../lib/gcc/arm-none-eabi/6.3.1/thumb/v7e-m/fpv4-sp/hard/crtbegin.o

.ARM            0x0000698c        0x8
                0x0000698c                __exidx_start = .
 *(.ARM.exidx*)
 .ARM.exidx     0x0000698c        0x8 d:/nxp/s32ds_arm_v2.2/s32ds/build_tools/gcc_v6.3/gcc-6.3-arm32-eabi/bin/../lib/gcc/arm-none-eabi/6.3.1/thumb/v7e-m/fpv4-sp/hard\libgcc.a(_udivmoddi4.o)
                0x00006994                __exidx_end = .
                0x00006994                __etext = .
                0x00006994                __DATA_ROM = .

.rel.dyn        0x00006994        0x0
 .rel.iplt      0x00006994        0x0 d:/nxp/s32ds_arm_v2.2/s32ds/build_tools/gcc_v6.3/gcc-6.3-arm32-eabi/bin/../lib/gcc/arm-none-eabi/6.3.1/thumb/v7e-m/fpv4-sp/hard/crtbegin.o

.interrupts_ram
                0x1fff8000      0x400
                0x1fff8000                . = ALIGN (0x4)
                0x1fff8000                __VECTOR_RAM__ = .
                0x1fff8000                __RAM_START = .
                0x1fff8000                __interrupts_ram_start__ = .
 *(.m_interrupts_ram)
                0x1fff8400                . = (. + M_VECTOR_RAM_SIZE)
 *fill*         0x1fff8000      0x400 
                0x1fff8400                . = ALIGN (0x4)
                0x1fff8400                __interrupts_ram_end__ = .
                0x1fff8000                __VECTOR_RAM = DEFINED (__flash_vector_table__)?ORIGIN (m_interrupts):__VECTOR_RAM__
                0x00000400                __RAM_VECTOR_TABLE_SIZE = DEFINED (__flash_vector_table__)?0x0:(__interrupts_ram_end__ - __interrupts_ram_start__)

.data           0x1fff8400      0x454 load address 0x00006994
                0x1fff8400                . = ALIGN (0x4)
                0x1fff8400                __DATA_RAM = .
                0x1fff8400                __data_start__ = .
 *(.data)
 *(.data*)
 .data.can_pal0_Config0
                0x1fff8400       0x34 ./Generated_Code/can_pal0.o
                0x1fff8400                can_pal0_Config0
 .data.clockMan1_InitConfig0
                0x1fff8434       0x78 ./Generated_Code/clockMan1.o
                0x1fff8434                clockMan1_InitConfig0
 .data.g_clockManConfigsArr
                0x1fff84ac        0x4 ./Generated_Code/clockMan1.o
                0x1fff84ac                g_clockManConfigsArr
 .data.peripheralClockConfig0
                0x1fff84b0       0x5a ./Generated_Code/clockMan1.o
                0x1fff84b0                peripheralClockConfig0
 *fill*         0x1fff850a        0x2 
 .data.lpit1_ChnConfig0
                0x1fff850c       0x18 ./Generated_Code/lpit1.o
                0x1fff850c                lpit1_ChnConfig0
 .data.g_pin_mux_InitConfigArr
                0x1fff8524      0x210 ./Generated_Code/pin_mux.o
                0x1fff8524                g_pin_mux_InitConfigArr
 .data.peripheralClockConfig.7360
                0x1fff8734       0xa0 ./SDK/platform/drivers/src/clock/S32K1xx/clock_S32K1xx.o
 .data.g_lpuartIsr
                0x1fff87d4        0xc ./SDK/platform/drivers/src/lpuart/lpuart_irq.o
                0x1fff87d4                g_lpuartIsr
 .data.Rx_buffCfg
                0x1fff87e0        0x5 ./Sources/can_fd_wrapper.o
                0x1fff87e0                Rx_buffCfg
 *fill*         0x1fff87e5        0x3 
 .data.Tx_buffCfg
                0x1fff87e8        0x5 ./Sources/can_fd_wrapper.o
                0x1fff87e8                Tx_buffCfg
 .data.key_up.8729
                0x1fff87ed        0x1 ./Sources/key.o
 *fill*         0x1fff87ee        0x2 
 .data._impure_ptr
                0x1fff87f0        0x4 D:/NXP/S32DS_ARM_v2.2/S32DS/build_tools/gcc_v6.3/gcc-6.3-arm32-eabi/arm-none-eabi/newlib/lib/thumb/v7e-m/fpv4-sp/hard\libc_nano.a(lib_a-impure.o)
                0x1fff87f0                _impure_ptr
 .data.impure_data
                0x1fff87f4       0x60 D:/NXP/S32DS_ARM_v2.2/S32DS/build_tools/gcc_v6.3/gcc-6.3-arm32-eabi/arm-none-eabi/newlib/lib/thumb/v7e-m/fpv4-sp/hard\libc_nano.a(lib_a-impure.o)
                0x1fff8854                . = ALIGN (0x4)
                0x1fff8854                __data_end__ = .
                0x00006de8                __DATA_END = (__DATA_ROM + (__data_end__ - __data_start__))
                0x00006de8                __CODE_ROM = __DATA_END

.igot.plt       0x1fff8854        0x0 load address 0x00006de8
 .igot.plt      0x1fff8854        0x0 d:/nxp/s32ds_arm_v2.2/s32ds/build_tools/gcc_v6.3/gcc-6.3-arm32-eabi/bin/../lib/gcc/arm-none-eabi/6.3.1/thumb/v7e-m/fpv4-sp/hard/crtbegin.o

.code           0x1fff8854        0x0 load address 0x00006de8
                0x1fff8854                . = ALIGN (0x4)
                0x1fff8854                __CODE_RAM = .
                0x1fff8854                __code_start__ = .
                0x1fff8854                __code_ram_start__ = .
 *(.code_ram)
                0x1fff8854                . = ALIGN (0x4)
                0x1fff8854                __code_end__ = .
                0x1fff8854                __code_ram_end__ = .
                0x00006de8                __CODE_END = (__CODE_ROM + (__code_end__ - __code_start__))
                0x00006de8                __CUSTOM_ROM = __CODE_END

.customSectionBlock
                0x20000000        0x0 load address 0x00006de8
                0x20000000                __customSection_start__ = .
 *(.customSection)
                0x20000000                __customSection_end__ = .
                0x00006de8                __CUSTOM_END = (__CUSTOM_ROM + (__customSection_end__ - __customSection_start__))

.bss            0x20000000     0x23fc
                0x20000000                . = ALIGN (0x4)
                0x20000000                __BSS_START = .
                0x20000000                __bss_start__ = .
 *(.bss)
 *(.bss*)
 .bss.g_clockManCallbacksArr
                0x20000000        0x4 ./Generated_Code/clockMan1.o
                0x20000000                g_clockManCallbacksArr
 .bss.lpuart1_State
                0x20000004       0x34 ./Generated_Code/lpuart1.o
                0x20000004                lpuart1_State
 .bss.g_RtcClkInFreq
                0x20000038        0x4 ./SDK/platform/drivers/src/clock/S32K1xx/clock_S32K1xx.o
                0x20000038                g_RtcClkInFreq
 .bss.g_TClkFreq
                0x2000003c        0xc ./SDK/platform/drivers/src/clock/S32K1xx/clock_S32K1xx.o
                0x2000003c                g_TClkFreq
 .bss.g_clockState
                0x20000048       0x10 ./SDK/platform/drivers/src/clock/S32K1xx/clock_S32K1xx.o
 .bss.g_xtal0ClkFreq
                0x20000058        0x4 ./SDK/platform/drivers/src/clock/S32K1xx/clock_S32K1xx.o
                0x20000058                g_xtal0ClkFreq
 .bss.s_virtEdmaState
                0x2000005c        0x4 ./SDK/platform/drivers/src/edma/edma_driver.o
 .bss.g_flexcanStatePtr
                0x20000060        0xc ./SDK/platform/drivers/src/flexcan/flexcan_driver.o
 .bss.g_interruptDisableCount
                0x2000006c        0x4 ./SDK/platform/drivers/src/interrupt/interrupt_manager.o
 .bss.s_lpitSourceClockFrequency
                0x20000070        0x4 ./SDK/platform/drivers/src/lpit/lpit_driver.o
 .bss.s_lpuartStatePtr
                0x20000074        0xc ./SDK/platform/drivers/src/lpuart/lpuart_driver.o
 .bss.s_flexcanRxFifoState
                0x20000080        0x2 ./SDK/platform/pal/src/can/can_pal.o
 *fill*         0x20000082        0x2 
 .bss.s_flexcanState
                0x20000084      0x114 ./SDK/platform/pal/src/can/can_pal.o
 .bss.s_flexcanStateInstanceMapping
                0x20000198        0x4 ./SDK/platform/pal/src/can/can_pal.o
 .bss.s_flexcanStateIsAllocated
                0x2000019c        0x1 ./SDK/platform/pal/src/can/can_pal.o
 *fill*         0x2000019d        0x3 
 .bss.s_hwObjConfigs
                0x200001a0       0x80 ./SDK/platform/pal/src/can/can_pal.o
 .bss.userCallbacks
                0x20000220        0x4 ./SDK/platform/pal/src/can/can_pal.o
 .bss.s_osif_tick_cnt
                0x20000224        0x4 ./SDK/rtos/osif/osif_baremetal.o
 .bss.IRQ_CAN0_RX
                0x20000228        0x1 ./Sources/can_fd_wrapper.o
                0x20000228                IRQ_CAN0_RX
 *fill*         0x20000229        0x3 
 .bss.recvMsg_CAN0
                0x2000022c       0x4c ./Sources/can_fd_wrapper.o
                0x2000022c                recvMsg_CAN0
 .bss.recv_buff_tick
                0x20000278        0x4 ./Sources/can_fd_wrapper.o
                0x20000278                recv_buff_tick
 .bss.fac_us    0x2000027c        0x4 ./Sources/delay.o
 .bss.tickMs    0x20000280        0x4 ./Sources/main.o
                0x20000280                tickMs
 .bss.txBuff    0x20000284       0x40 ./Sources/main.o
                0x20000284                txBuff
 .bss.USART1_TX_BUF
                0x200002c4       0xc8 ./Sources/uart.o
                0x200002c4                USART1_TX_BUF
 .bss.gUdsContext
                0x2000038c     0x205c ./Sources/uds/uds_core.o
                0x2000038c                gUdsContext
 .bss.seed.8906
                0x200023e8        0x4 ./Sources/uds/uds_user_config_example.o
 .bss.__malloc_free_list
                0x200023ec        0x4 D:/NXP/S32DS_ARM_v2.2/S32DS/build_tools/gcc_v6.3/gcc-6.3-arm32-eabi/arm-none-eabi/newlib/lib/thumb/v7e-m/fpv4-sp/hard\libc_nano.a(lib_a-nano-mallocr.o)
                0x200023ec                __malloc_free_list
 .bss.__malloc_sbrk_start
                0x200023f0        0x4 D:/NXP/S32DS_ARM_v2.2/S32DS/build_tools/gcc_v6.3/gcc-6.3-arm32-eabi/arm-none-eabi/newlib/lib/thumb/v7e-m/fpv4-sp/hard\libc_nano.a(lib_a-nano-mallocr.o)
                0x200023f0                __malloc_sbrk_start
 .bss.heap_end.5365
                0x200023f4        0x4 D:/NXP/S32DS_ARM_v2.2/S32DS/build_tools/gcc_v6.3/gcc-6.3-arm32-eabi/arm-none-eabi/newlib/lib/thumb/v7e-m/fpv4-sp/hard\libnosys.a(sbrk.o)
 *(COMMON)
 COMMON         0x200023f8        0x4 D:/NXP/S32DS_ARM_v2.2/S32DS/build_tools/gcc_v6.3/gcc-6.3-arm32-eabi/arm-none-eabi/newlib/lib/thumb/v7e-m/fpv4-sp/hard\libc_nano.a(lib_a-reent.o)
                0x200023f8                errno
                0x200023fc                . = ALIGN (0x4)
                0x200023fc                __bss_end__ = .
                0x200023fc                __BSS_END = .

.heap           0x200023fc      0x404
                0x20002400                . = ALIGN (0x8)
 *fill*         0x200023fc        0x4 
                0x20002400                __end__ = .
                0x20002400                __heap_start__ = .
                0x20002400                PROVIDE (end, .)
                [!provide]                PROVIDE (_end, .)
                [!provide]                PROVIDE (__end, .)
                0x20002400                __HeapBase = .
                0x20002800                . = (. + HEAP_SIZE)
 *fill*         0x20002400      0x400 
                0x20002800                __HeapLimit = .
                0x20002800                __heap_limit = .
                0x20002800                __heap_end__ = .
                0x20007000                __StackTop = (ORIGIN (m_data_2) + LENGTH (m_data_2))
                0x20006c00                __StackLimit = (__StackTop - STACK_SIZE)
                0x20007000                PROVIDE (__stack, __StackTop)
                0x20007000                __RAM_END = __StackTop

.stack          0x20006c00      0x400
                0x20006c00                . = ALIGN (0x8)
                0x20006c00                __stack_start__ = .
                0x20007000                . = (. + STACK_SIZE)
 *fill*         0x20006c00      0x400 
                0x20007000                __stack_end__ = .

.ARM.attributes
                0x00000000       0x30
 *(.ARM.attributes)
 .ARM.attributes
                0x00000000       0x22 d:/nxp/s32ds_arm_v2.2/s32ds/build_tools/gcc_v6.3/gcc-6.3-arm32-eabi/bin/../lib/gcc/arm-none-eabi/6.3.1/thumb/v7e-m/fpv4-sp/hard/crti.o
 .ARM.attributes
                0x00000022       0x39 ./Generated_Code/can_pal0.o
 .ARM.attributes
                0x0000005b       0x39 ./Generated_Code/clockMan1.o
 .ARM.attributes
                0x00000094       0x39 ./Generated_Code/lpit1.o
 .ARM.attributes
                0x000000cd       0x39 ./Generated_Code/lpuart1.o
 .ARM.attributes
                0x00000106       0x39 ./Generated_Code/pin_mux.o
 .ARM.attributes
                0x0000013f       0x1f ./Project_Settings/Startup_Code/startup_S32K144.o
 .ARM.attributes
                0x0000015e       0x39 ./SDK/platform/devices/S32K144/startup/system_S32K144.o
 .ARM.attributes
                0x00000197       0x39 ./SDK/platform/devices/startup.o
 .ARM.attributes
                0x000001d0       0x39 ./SDK/platform/drivers/src/clock/S32K1xx/clock_S32K1xx.o
 .ARM.attributes
                0x00000209       0x39 ./SDK/platform/drivers/src/edma/edma_driver.o
 .ARM.attributes
                0x00000242       0x39 ./SDK/platform/drivers/src/edma/edma_hw_access.o
 .ARM.attributes
                0x0000027b       0x39 ./SDK/platform/drivers/src/edma/edma_irq.o
 .ARM.attributes
                0x000002b4       0x39 ./SDK/platform/drivers/src/flexcan/flexcan_driver.o
 .ARM.attributes
                0x000002ed       0x39 ./SDK/platform/drivers/src/flexcan/flexcan_hw_access.o
 .ARM.attributes
                0x00000326       0x39 ./SDK/platform/drivers/src/flexcan/flexcan_irq.o
 .ARM.attributes
                0x0000035f       0x39 ./SDK/platform/drivers/src/interrupt/interrupt_manager.o
 .ARM.attributes
                0x00000398       0x39 ./SDK/platform/drivers/src/lpit/lpit_driver.o
 .ARM.attributes
                0x000003d1       0x39 ./SDK/platform/drivers/src/lpuart/lpuart_driver.o
 .ARM.attributes
                0x0000040a       0x39 ./SDK/platform/drivers/src/lpuart/lpuart_hw_access.o
 .ARM.attributes
                0x00000443       0x39 ./SDK/platform/drivers/src/lpuart/lpuart_irq.o
 .ARM.attributes
                0x0000047c       0x39 ./SDK/platform/drivers/src/pins/pins_driver.o
 .ARM.attributes
                0x000004b5       0x39 ./SDK/platform/drivers/src/pins/pins_port_hw_access.o
 .ARM.attributes
                0x000004ee       0x39 ./SDK/platform/pal/src/can/can_pal.o
 .ARM.attributes
                0x00000527       0x39 ./SDK/rtos/osif/osif_baremetal.o
 .ARM.attributes
                0x00000560       0x39 ./Sources/can_fd_wrapper.o
 .ARM.attributes
                0x00000599       0x39 ./Sources/delay.o
 .ARM.attributes
                0x000005d2       0x39 ./Sources/key.o
 .ARM.attributes
                0x0000060b       0x39 ./Sources/main.o
 .ARM.attributes
                0x00000644       0x39 ./Sources/uart.o
 .ARM.attributes
                0x0000067d       0x39 ./Sources/uds/services/uds_svc_10.o
 .ARM.attributes
                0x000006b6       0x39 ./Sources/uds/services/uds_svc_22.o
 .ARM.attributes
                0x000006ef       0x39 ./Sources/uds/services/uds_svc_27.o
 .ARM.attributes
                0x00000728       0x39 ./Sources/uds/services/uds_svc_31.o
 .ARM.attributes
                0x00000761       0x39 ./Sources/uds/uds_core.o
 .ARM.attributes
                0x0000079a       0x39 ./Sources/uds/uds_nrc.o
 .ARM.attributes
                0x000007d3       0x39 ./Sources/uds/uds_pending.o
 .ARM.attributes
                0x0000080c       0x39 ./Sources/uds/uds_routine.o
 .ARM.attributes
                0x00000845       0x39 ./Sources/uds/uds_security.o
 .ARM.attributes
                0x0000087e       0x39 ./Sources/uds/uds_session.o
 .ARM.attributes
                0x000008b7       0x39 ./Sources/uds/uds_tp.o
 .ARM.attributes
                0x000008f0       0x39 ./Sources/uds/uds_user_config_example.o
 .ARM.attributes
                0x00000929       0x22 d:/nxp/s32ds_arm_v2.2/s32ds/build_tools/gcc_v6.3/gcc-6.3-arm32-eabi/bin/../lib/gcc/arm-none-eabi/6.3.1/thumb/v7e-m/fpv4-sp/hard\libgcc.a(_aeabi_uldivmod.o)
 .ARM.attributes
                0x0000094b       0x34 d:/nxp/s32ds_arm_v2.2/s32ds/build_tools/gcc_v6.3/gcc-6.3-arm32-eabi/bin/../lib/gcc/arm-none-eabi/6.3.1/thumb/v7e-m/fpv4-sp/hard\libgcc.a(_udivmoddi4.o)
 .ARM.attributes
                0x0000097f       0x22 d:/nxp/s32ds_arm_v2.2/s32ds/build_tools/gcc_v6.3/gcc-6.3-arm32-eabi/bin/../lib/gcc/arm-none-eabi/6.3.1/thumb/v7e-m/fpv4-sp/hard\libgcc.a(_dvmd_tls.o)
 .ARM.attributes
                0x000009a1       0x34 D:/NXP/S32DS_ARM_v2.2/S32DS/build_tools/gcc_v6.3/gcc-6.3-arm32-eabi/arm-none-eabi/newlib/lib/thumb/v7e-m/fpv4-sp/hard\libc_nano.a(lib_a-impure.o)
 .ARM.attributes
                0x000009d5       0x34 D:/NXP/S32DS_ARM_v2.2/S32DS/build_tools/gcc_v6.3/gcc-6.3-arm32-eabi/arm-none-eabi/newlib/lib/thumb/v7e-m/fpv4-sp/hard\libc_nano.a(lib_a-memcpy-stub.o)
 .ARM.attributes
                0x00000a09       0x34 D:/NXP/S32DS_ARM_v2.2/S32DS/build_tools/gcc_v6.3/gcc-6.3-arm32-eabi/arm-none-eabi/newlib/lib/thumb/v7e-m/fpv4-sp/hard\libc_nano.a(lib_a-memset.o)
 .ARM.attributes
                0x00000a3d       0x1b D:/NXP/S32DS_ARM_v2.2/S32DS/build_tools/gcc_v6.3/gcc-6.3-arm32-eabi/arm-none-eabi/newlib/lib/thumb/v7e-m/fpv4-sp/hard\libc_nano.a(lib_a-strlen.o)
 .ARM.attributes
                0x00000a58       0x34 D:/NXP/S32DS_ARM_v2.2/S32DS/build_tools/gcc_v6.3/gcc-6.3-arm32-eabi/arm-none-eabi/newlib/lib/thumb/v7e-m/fpv4-sp/hard\libc_nano.a(lib_a-vsprintf.o)
 .ARM.attributes
                0x00000a8c       0x34 D:/NXP/S32DS_ARM_v2.2/S32DS/build_tools/gcc_v6.3/gcc-6.3-arm32-eabi/arm-none-eabi/newlib/lib/thumb/v7e-m/fpv4-sp/hard\libc_nano.a(lib_a-nano-svfprintf.o)
 .ARM.attributes
                0x00000ac0       0x34 D:/NXP/S32DS_ARM_v2.2/S32DS/build_tools/gcc_v6.3/gcc-6.3-arm32-eabi/arm-none-eabi/newlib/lib/thumb/v7e-m/fpv4-sp/hard\libc_nano.a(lib_a-nano-vfprintf_i.o)
 .ARM.attributes
                0x00000af4       0x20 D:/NXP/S32DS_ARM_v2.2/S32DS/build_tools/gcc_v6.3/gcc-6.3-arm32-eabi/arm-none-eabi/newlib/lib/thumb/v7e-m/fpv4-sp/hard\libc_nano.a(lib_a-memchr.o)
 .ARM.attributes
                0x00000b14       0x34 D:/NXP/S32DS_ARM_v2.2/S32DS/build_tools/gcc_v6.3/gcc-6.3-arm32-eabi/arm-none-eabi/newlib/lib/thumb/v7e-m/fpv4-sp/hard\libc_nano.a(lib_a-memmove.o)
 .ARM.attributes
                0x00000b48       0x34 D:/NXP/S32DS_ARM_v2.2/S32DS/build_tools/gcc_v6.3/gcc-6.3-arm32-eabi/arm-none-eabi/newlib/lib/thumb/v7e-m/fpv4-sp/hard\libc_nano.a(lib_a-nano-freer.o)
 .ARM.attributes
                0x00000b7c       0x34 D:/NXP/S32DS_ARM_v2.2/S32DS/build_tools/gcc_v6.3/gcc-6.3-arm32-eabi/arm-none-eabi/newlib/lib/thumb/v7e-m/fpv4-sp/hard\libc_nano.a(lib_a-nano-mallocr.o)
 .ARM.attributes
                0x00000bb0       0x34 D:/NXP/S32DS_ARM_v2.2/S32DS/build_tools/gcc_v6.3/gcc-6.3-arm32-eabi/arm-none-eabi/newlib/lib/thumb/v7e-m/fpv4-sp/hard\libc_nano.a(lib_a-nano-reallocr.o)
 .ARM.attributes
                0x00000be4       0x34 D:/NXP/S32DS_ARM_v2.2/S32DS/build_tools/gcc_v6.3/gcc-6.3-arm32-eabi/arm-none-eabi/newlib/lib/thumb/v7e-m/fpv4-sp/hard\libc_nano.a(lib_a-sbrkr.o)
 .ARM.attributes
                0x00000c18       0x34 D:/NXP/S32DS_ARM_v2.2/S32DS/build_tools/gcc_v6.3/gcc-6.3-arm32-eabi/arm-none-eabi/newlib/lib/thumb/v7e-m/fpv4-sp/hard\libc_nano.a(lib_a-mlock.o)
 .ARM.attributes
                0x00000c4c       0x34 D:/NXP/S32DS_ARM_v2.2/S32DS/build_tools/gcc_v6.3/gcc-6.3-arm32-eabi/arm-none-eabi/newlib/lib/thumb/v7e-m/fpv4-sp/hard\libc_nano.a(lib_a-nano-msizer.o)
 .ARM.attributes
                0x00000c80       0x34 D:/NXP/S32DS_ARM_v2.2/S32DS/build_tools/gcc_v6.3/gcc-6.3-arm32-eabi/arm-none-eabi/newlib/lib/thumb/v7e-m/fpv4-sp/hard\libc_nano.a(lib_a-reent.o)
 .ARM.attributes
                0x00000cb4       0x34 D:/NXP/S32DS_ARM_v2.2/S32DS/build_tools/gcc_v6.3/gcc-6.3-arm32-eabi/arm-none-eabi/newlib/lib/thumb/v7e-m/fpv4-sp/hard\libnosys.a(sbrk.o)
                0x00000001                ASSERT ((__StackLimit >= __HeapLimit), region m_data_2 overflowed with stack and heap)
OUTPUT(s32k144_Demo_CAN.elf elf32-littlearm)

.debug_info     0x00000000    0x3c761
 .debug_info    0x00000000     0x1e46 ./Generated_Code/can_pal0.o
 .debug_info    0x00001e46     0x1f6e ./Generated_Code/clockMan1.o
 .debug_info    0x00003db4     0x1e46 ./Generated_Code/lpit1.o
 .debug_info    0x00005bfa     0x1e46 ./Generated_Code/lpuart1.o
 .debug_info    0x00007a40      0x406 ./Generated_Code/pin_mux.o
 .debug_info    0x00007e46       0x26 ./Project_Settings/Startup_Code/startup_S32K144.o
 .debug_info    0x00007e6c      0x521 ./SDK/platform/devices/S32K144/startup/system_S32K144.o
 .debug_info    0x0000838d      0x2ad ./SDK/platform/devices/startup.o
 .debug_info    0x0000863a     0x5aaa ./SDK/platform/drivers/src/clock/S32K1xx/clock_S32K1xx.o
 .debug_info    0x0000e0e4     0x3771 ./SDK/platform/drivers/src/edma/edma_driver.o
 .debug_info    0x00011855      0x960 ./SDK/platform/drivers/src/edma/edma_hw_access.o
 .debug_info    0x000121b5      0x6db ./SDK/platform/drivers/src/edma/edma_irq.o
 .debug_info    0x00012890     0x4fe1 ./SDK/platform/drivers/src/flexcan/flexcan_driver.o
 .debug_info    0x00017871     0x1d43 ./SDK/platform/drivers/src/flexcan/flexcan_hw_access.o
 .debug_info    0x000195b4      0x275 ./SDK/platform/drivers/src/flexcan/flexcan_irq.o
 .debug_info    0x00019829      0x8bd ./SDK/platform/drivers/src/interrupt/interrupt_manager.o
 .debug_info    0x0001a0e6     0x1c87 ./SDK/platform/drivers/src/lpit/lpit_driver.o
 .debug_info    0x0001bd6d     0x2fe8 ./SDK/platform/drivers/src/lpuart/lpuart_driver.o
 .debug_info    0x0001ed55      0x96c ./SDK/platform/drivers/src/lpuart/lpuart_hw_access.o
 .debug_info    0x0001f6c1      0x127 ./SDK/platform/drivers/src/lpuart/lpuart_irq.o
 .debug_info    0x0001f7e8     0x13d8 ./SDK/platform/drivers/src/pins/pins_driver.o
 .debug_info    0x00020bc0      0x8a8 ./SDK/platform/drivers/src/pins/pins_port_hw_access.o
 .debug_info    0x00021468     0x1acf ./SDK/platform/pal/src/can/can_pal.o
 .debug_info    0x00022f37      0xa9e ./SDK/rtos/osif/osif_baremetal.o
 .debug_info    0x000239d5     0x32f7 ./Sources/can_fd_wrapper.o
 .debug_info    0x00026ccc     0x1fdb ./Sources/delay.o
 .debug_info    0x00028ca7     0x2773 ./Sources/key.o
 .debug_info    0x0002b41a     0x31b4 ./Sources/main.o
 .debug_info    0x0002e5ce     0x2764 ./Sources/uart.o
 .debug_info    0x00030d32      0x926 ./Sources/uds/services/uds_svc_10.o
 .debug_info    0x00031658      0x9ba ./Sources/uds/services/uds_svc_22.o
 .debug_info    0x00032012      0xfbd ./Sources/uds/services/uds_svc_27.o
 .debug_info    0x00032fcf      0xfab ./Sources/uds/services/uds_svc_31.o
 .debug_info    0x00033f7a     0x1447 ./Sources/uds/uds_core.o
 .debug_info    0x000353c1      0x6eb ./Sources/uds/uds_nrc.o
 .debug_info    0x00035aac      0x6ac ./Sources/uds/uds_pending.o
 .debug_info    0x00036158      0x889 ./Sources/uds/uds_routine.o
 .debug_info    0x000369e1      0xfdb ./Sources/uds/uds_security.o
 .debug_info    0x000379bc      0x72e ./Sources/uds/uds_session.o
 .debug_info    0x000380ea     0x16d1 ./Sources/uds/uds_tp.o
 .debug_info    0x000397bb     0x2fa6 ./Sources/uds/uds_user_config_example.o

.debug_abbrev   0x00000000     0x59c2
 .debug_abbrev  0x00000000      0x136 ./Generated_Code/can_pal0.o
 .debug_abbrev  0x00000136      0x143 ./Generated_Code/clockMan1.o
 .debug_abbrev  0x00000279      0x136 ./Generated_Code/lpit1.o
 .debug_abbrev  0x000003af      0x136 ./Generated_Code/lpuart1.o
 .debug_abbrev  0x000004e5       0xca ./Generated_Code/pin_mux.o
 .debug_abbrev  0x000005af       0x14 ./Project_Settings/Startup_Code/startup_S32K144.o
 .debug_abbrev  0x000005c3      0x140 ./SDK/platform/devices/S32K144/startup/system_S32K144.o
 .debug_abbrev  0x00000703       0xe0 ./SDK/platform/devices/startup.o
 .debug_abbrev  0x000007e3      0x3e3 ./SDK/platform/drivers/src/clock/S32K1xx/clock_S32K1xx.o
 .debug_abbrev  0x00000bc6      0x422 ./SDK/platform/drivers/src/edma/edma_driver.o
 .debug_abbrev  0x00000fe8      0x205 ./SDK/platform/drivers/src/edma/edma_hw_access.o
 .debug_abbrev  0x000011ed      0x1b8 ./SDK/platform/drivers/src/edma/edma_irq.o
 .debug_abbrev  0x000013a5      0x428 ./SDK/platform/drivers/src/flexcan/flexcan_driver.o
 .debug_abbrev  0x000017cd      0x38a ./SDK/platform/drivers/src/flexcan/flexcan_hw_access.o
 .debug_abbrev  0x00001b57       0x6c ./SDK/platform/drivers/src/flexcan/flexcan_irq.o
 .debug_abbrev  0x00001bc3      0x1ce ./SDK/platform/drivers/src/interrupt/interrupt_manager.o
 .debug_abbrev  0x00001d91      0x3c4 ./SDK/platform/drivers/src/lpit/lpit_driver.o
 .debug_abbrev  0x00002155      0x3a4 ./SDK/platform/drivers/src/lpuart/lpuart_driver.o
 .debug_abbrev  0x000024f9      0x1d0 ./SDK/platform/drivers/src/lpuart/lpuart_hw_access.o
 .debug_abbrev  0x000026c9       0xb9 ./SDK/platform/drivers/src/lpuart/lpuart_irq.o
 .debug_abbrev  0x00002782      0x2db ./SDK/platform/drivers/src/pins/pins_driver.o
 .debug_abbrev  0x00002a5d      0x1f5 ./SDK/platform/drivers/src/pins/pins_port_hw_access.o
 .debug_abbrev  0x00002c52      0x304 ./SDK/platform/pal/src/can/can_pal.o
 .debug_abbrev  0x00002f56      0x2c6 ./SDK/rtos/osif/osif_baremetal.o
 .debug_abbrev  0x0000321c      0x2c9 ./Sources/can_fd_wrapper.o
 .debug_abbrev  0x000034e5      0x227 ./Sources/delay.o
 .debug_abbrev  0x0000370c      0x222 ./Sources/key.o
 .debug_abbrev  0x0000392e      0x296 ./Sources/main.o
 .debug_abbrev  0x00003bc4      0x252 ./Sources/uart.o
 .debug_abbrev  0x00003e16      0x1d8 ./Sources/uds/services/uds_svc_10.o
 .debug_abbrev  0x00003fee      0x1b6 ./Sources/uds/services/uds_svc_22.o
 .debug_abbrev  0x000041a4      0x228 ./Sources/uds/services/uds_svc_27.o
 .debug_abbrev  0x000043cc      0x258 ./Sources/uds/services/uds_svc_31.o
 .debug_abbrev  0x00004624      0x382 ./Sources/uds/uds_core.o
 .debug_abbrev  0x000049a6      0x196 ./Sources/uds/uds_nrc.o
 .debug_abbrev  0x00004b3c      0x164 ./Sources/uds/uds_pending.o
 .debug_abbrev  0x00004ca0      0x1dc ./Sources/uds/uds_routine.o
 .debug_abbrev  0x00004e7c      0x293 ./Sources/uds/uds_security.o
 .debug_abbrev  0x0000510f      0x1ed ./Sources/uds/uds_session.o
 .debug_abbrev  0x000052fc      0x3eb ./Sources/uds/uds_tp.o
 .debug_abbrev  0x000056e7      0x2db ./Sources/uds/uds_user_config_example.o

.debug_aranges  0x00000000     0x10c0
 .debug_aranges
                0x00000000       0x18 ./Generated_Code/can_pal0.o
 .debug_aranges
                0x00000018       0x18 ./Generated_Code/clockMan1.o
 .debug_aranges
                0x00000030       0x18 ./Generated_Code/lpit1.o
 .debug_aranges
                0x00000048       0x18 ./Generated_Code/lpuart1.o
 .debug_aranges
                0x00000060       0x18 ./Generated_Code/pin_mux.o
 .debug_aranges
                0x00000078       0x20 ./Project_Settings/Startup_Code/startup_S32K144.o
 .debug_aranges
                0x00000098       0x30 ./SDK/platform/devices/S32K144/startup/system_S32K144.o
 .debug_aranges
                0x000000c8       0x20 ./SDK/platform/devices/startup.o
 .debug_aranges
                0x000000e8      0x120 ./SDK/platform/drivers/src/clock/S32K1xx/clock_S32K1xx.o
 .debug_aranges
                0x00000208      0x138 ./SDK/platform/drivers/src/edma/edma_driver.o
 .debug_aranges
                0x00000340       0x88 ./SDK/platform/drivers/src/edma/edma_hw_access.o
 .debug_aranges
                0x000003c8       0xa0 ./SDK/platform/drivers/src/edma/edma_irq.o
 .debug_aranges
                0x00000468      0x170 ./SDK/platform/drivers/src/flexcan/flexcan_driver.o
 .debug_aranges
                0x000005d8       0xe8 ./SDK/platform/drivers/src/flexcan/flexcan_hw_access.o
 .debug_aranges
                0x000006c0       0x80 ./SDK/platform/drivers/src/flexcan/flexcan_irq.o
 .debug_aranges
                0x00000740       0x70 ./SDK/platform/drivers/src/interrupt/interrupt_manager.o
 .debug_aranges
                0x000007b0       0xb0 ./SDK/platform/drivers/src/lpit/lpit_driver.o
 .debug_aranges
                0x00000860      0x118 ./SDK/platform/drivers/src/lpuart/lpuart_driver.o
 .debug_aranges
                0x00000978       0x78 ./SDK/platform/drivers/src/lpuart/lpuart_hw_access.o
 .debug_aranges
                0x000009f0       0x30 ./SDK/platform/drivers/src/lpuart/lpuart_irq.o
 .debug_aranges
                0x00000a20       0xe0 ./SDK/platform/drivers/src/pins/pins_driver.o
 .debug_aranges
                0x00000b00       0x40 ./SDK/platform/drivers/src/pins/pins_port_hw_access.o
 .debug_aranges
                0x00000b40       0xa8 ./SDK/platform/pal/src/can/can_pal.o
 .debug_aranges
                0x00000be8       0x70 ./SDK/rtos/osif/osif_baremetal.o
 .debug_aranges
                0x00000c58       0x58 ./Sources/can_fd_wrapper.o
 .debug_aranges
                0x00000cb0       0x48 ./Sources/delay.o
 .debug_aranges
                0x00000cf8       0x20 ./Sources/key.o
 .debug_aranges
                0x00000d18       0x28 ./Sources/main.o
 .debug_aranges
                0x00000d40       0x20 ./Sources/uart.o
 .debug_aranges
                0x00000d60       0x38 ./Sources/uds/services/uds_svc_10.o
 .debug_aranges
                0x00000d98       0x20 ./Sources/uds/services/uds_svc_22.o
 .debug_aranges
                0x00000db8       0x28 ./Sources/uds/services/uds_svc_27.o
 .debug_aranges
                0x00000de0       0x20 ./Sources/uds/services/uds_svc_31.o
 .debug_aranges
                0x00000e00       0x50 ./Sources/uds/uds_core.o
 .debug_aranges
                0x00000e50       0x30 ./Sources/uds/uds_nrc.o
 .debug_aranges
                0x00000e80       0x58 ./Sources/uds/uds_pending.o
 .debug_aranges
                0x00000ed8       0x50 ./Sources/uds/uds_routine.o
 .debug_aranges
                0x00000f28       0x88 ./Sources/uds/uds_security.o
 .debug_aranges
                0x00000fb0       0x58 ./Sources/uds/uds_session.o
 .debug_aranges
                0x00001008       0x60 ./Sources/uds/uds_tp.o
 .debug_aranges
                0x00001068       0x58 ./Sources/uds/uds_user_config_example.o

.debug_line     0x00000000     0xb3b1
 .debug_line    0x00000000      0x46b ./Generated_Code/can_pal0.o
 .debug_line    0x0000046b      0x46c ./Generated_Code/clockMan1.o
 .debug_line    0x000008d7      0x468 ./Generated_Code/lpit1.o
 .debug_line    0x00000d3f      0x46a ./Generated_Code/lpuart1.o
 .debug_line    0x000011a9      0x1ea ./Generated_Code/pin_mux.o
 .debug_line    0x00001393       0x82 ./Project_Settings/Startup_Code/startup_S32K144.o
 .debug_line    0x00001415      0x1fa ./SDK/platform/devices/S32K144/startup/system_S32K144.o
 .debug_line    0x0000160f      0x177 ./SDK/platform/devices/startup.o
 .debug_line    0x00001786     0x10d1 ./SDK/platform/drivers/src/clock/S32K1xx/clock_S32K1xx.o
 .debug_line    0x00002857      0x89b ./SDK/platform/drivers/src/edma/edma_driver.o
 .debug_line    0x000030f2      0x36b ./SDK/platform/drivers/src/edma/edma_hw_access.o
 .debug_line    0x0000345d      0x2de ./SDK/platform/drivers/src/edma/edma_irq.o
 .debug_line    0x0000373b      0xcef ./SDK/platform/drivers/src/flexcan/flexcan_driver.o
 .debug_line    0x0000442a      0x78c ./SDK/platform/drivers/src/flexcan/flexcan_hw_access.o
 .debug_line    0x00004bb6      0x140 ./SDK/platform/drivers/src/flexcan/flexcan_irq.o
 .debug_line    0x00004cf6      0x305 ./SDK/platform/drivers/src/interrupt/interrupt_manager.o
 .debug_line    0x00004ffb      0x5f2 ./SDK/platform/drivers/src/lpit/lpit_driver.o
 .debug_line    0x000055ed      0x986 ./SDK/platform/drivers/src/lpuart/lpuart_driver.o
 .debug_line    0x00005f73      0x3c1 ./SDK/platform/drivers/src/lpuart/lpuart_hw_access.o
 .debug_line    0x00006334       0xe8 ./SDK/platform/drivers/src/lpuart/lpuart_irq.o
 .debug_line    0x0000641c      0x4b8 ./SDK/platform/drivers/src/pins/pins_driver.o
 .debug_line    0x000068d4      0x2e7 ./SDK/platform/drivers/src/pins/pins_port_hw_access.o
 .debug_line    0x00006bbb      0x566 ./SDK/platform/pal/src/can/can_pal.o
 .debug_line    0x00007121      0x3d8 ./SDK/rtos/osif/osif_baremetal.o
 .debug_line    0x000074f9      0x6ad ./Sources/can_fd_wrapper.o
 .debug_line    0x00007ba6      0x51d ./Sources/delay.o
 .debug_line    0x000080c3      0x5c8 ./Sources/key.o
 .debug_line    0x0000868b      0x651 ./Sources/main.o
 .debug_line    0x00008cdc      0x5dc ./Sources/uart.o
 .debug_line    0x000092b8      0x203 ./Sources/uds/services/uds_svc_10.o
 .debug_line    0x000094bb      0x217 ./Sources/uds/services/uds_svc_22.o
 .debug_line    0x000096d2      0x27c ./Sources/uds/services/uds_svc_27.o
 .debug_line    0x0000994e      0x255 ./Sources/uds/services/uds_svc_31.o
 .debug_line    0x00009ba3      0x344 ./Sources/uds/uds_core.o
 .debug_line    0x00009ee7      0x189 ./Sources/uds/uds_nrc.o
 .debug_line    0x0000a070      0x1be ./Sources/uds/uds_pending.o
 .debug_line    0x0000a22e      0x20d ./Sources/uds/uds_routine.o
 .debug_line    0x0000a43b      0x301 ./Sources/uds/uds_security.o
 .debug_line    0x0000a73c      0x1e5 ./Sources/uds/uds_session.o
 .debug_line    0x0000a921      0x39c ./Sources/uds/uds_tp.o
 .debug_line    0x0000acbd      0x6f4 ./Sources/uds/uds_user_config_example.o

.debug_str      0x00000000     0xbc91
 .debug_str     0x00000000     0x2f68 ./Generated_Code/can_pal0.o
                               0x3139 (size before relaxing)
 .debug_str     0x00002f68      0x4b6 ./Generated_Code/clockMan1.o
                               0x35d2 (size before relaxing)
 .debug_str     0x0000341e       0x1a ./Generated_Code/lpit1.o
                               0x3136 (size before relaxing)
 .debug_str     0x00003438       0x1c ./Generated_Code/lpuart1.o
                               0x3138 (size before relaxing)